Archive member included to satisfy reference by file (symbol)

libbb/lib.a(appletlib.o)      /home/dean/sunxi-v3s/buildroot-2017.08/output/host/arm-buildroot-linux-gnueabihf/sysroot/usr/lib/crt1.o (main)
libbb/lib.a(compare_string_array.o)
                              libbb/lib.a(appletlib.o) (is_prefixed_with)
libbb/lib.a(concat_path_file.o)
                              libbb/lib.a(appletlib.o) (concat_path_file)
libbb/lib.a(default_error_retval.o)
                              libbb/lib.a(appletlib.o) (xfunc_error_retval)
libbb/lib.a(get_last_path_component.o)
                              libbb/lib.a(appletlib.o) (bb_basename)
libbb/lib.a(last_char_is.o)   libbb/lib.a(concat_path_file.o) (last_char_is)
libbb/lib.a(messages.o)       libbb/lib.a(appletlib.o) (bb_busybox_exec_path)
libbb/lib.a(perror_msg.o)     libbb/lib.a(appletlib.o) (bb_simple_perror_msg)
libbb/lib.a(ptr_to_globals.o)
                              libbb/lib.a(appletlib.o) (bb_errno)
libbb/lib.a(verror_msg.o)     libbb/lib.a(perror_msg.o) (bb_verror_msg)
libbb/lib.a(xfunc_die.o)      libbb/lib.a(appletlib.o) (xfunc_die)
libbb/lib.a(xfuncs.o)         libbb/lib.a(appletlib.o) (full_write2_str)
libbb/lib.a(xfuncs_printf.o)  libbb/lib.a(verror_msg.o) (fflush_all)
libbb/lib.a(xreadlink.o)      libbb/lib.a(appletlib.o) (xmalloc_readlink)
libbb/lib.a(copyfd.o)         libbb/lib.a(xfuncs_printf.o) (bb_copyfd_eof)
libbb/lib.a(full_write.o)     libbb/lib.a(verror_msg.o) (full_write)
libbb/lib.a(read.o)           libbb/lib.a(copyfd.o) (safe_read)
libbb/lib.a(safe_write.o)     libbb/lib.a(full_write.o) (safe_write)
libbb/lib.a(signals.o)        libbb/lib.a(xfuncs_printf.o) (kill_myself_with_sig)
libbb/lib.a(time.o)           libbb/lib.a(xfuncs_printf.o) (monotonic_us)
libbb/lib.a(bb_strtonum.o)    libbb/lib.a(time.o) (bb_strtol)
loginutils/lib.a(addgroup.o)  libbb/lib.a(appletlib.o) (addgroup_main)
loginutils/lib.a(adduser.o)   libbb/lib.a(appletlib.o) (adduser_main)
loginutils/lib.a(cryptpw.o)   libbb/lib.a(appletlib.o) (cryptpw_main)
loginutils/lib.a(deluser.o)   libbb/lib.a(appletlib.o) (deluser_main)
loginutils/lib.a(getty.o)     libbb/lib.a(appletlib.o) (getty_main)
loginutils/lib.a(login.o)     libbb/lib.a(appletlib.o) (login_main)
loginutils/lib.a(passwd.o)    libbb/lib.a(appletlib.o) (passwd_main)
loginutils/lib.a(su.o)        libbb/lib.a(appletlib.o) (su_main)
loginutils/lib.a(sulogin.o)   libbb/lib.a(appletlib.o) (sulogin_main)
loginutils/lib.a(vlock.o)     libbb/lib.a(appletlib.o) (vlock_main)
miscutils/lib.a(crond.o)      libbb/lib.a(appletlib.o) (crond_main)
miscutils/lib.a(crontab.o)    libbb/lib.a(appletlib.o) (crontab_main)
miscutils/lib.a(dc.o)         libbb/lib.a(appletlib.o) (dc_main)
miscutils/lib.a(devmem.o)     libbb/lib.a(appletlib.o) (devmem_main)
miscutils/lib.a(hdparm.o)     libbb/lib.a(appletlib.o) (hdparm_main)
miscutils/lib.a(i2c_tools.o)  libbb/lib.a(appletlib.o) (i2cget_main)
miscutils/lib.a(less.o)       libbb/lib.a(appletlib.o) (less_main)
miscutils/lib.a(lsscsi.o)     libbb/lib.a(appletlib.o) (lsscsi_main)
miscutils/lib.a(makedevs.o)   libbb/lib.a(appletlib.o) (makedevs_main)
miscutils/lib.a(microcom.o)   libbb/lib.a(appletlib.o) (microcom_main)
miscutils/lib.a(mt.o)         libbb/lib.a(appletlib.o) (mt_main)
miscutils/lib.a(partprobe.o)  libbb/lib.a(appletlib.o) (partprobe_main)
miscutils/lib.a(runlevel.o)   libbb/lib.a(appletlib.o) (runlevel_main)
miscutils/lib.a(setserial.o)  libbb/lib.a(appletlib.o) (setserial_main)
miscutils/lib.a(strings.o)    libbb/lib.a(appletlib.o) (strings_main)
miscutils/lib.a(time.o)       libbb/lib.a(appletlib.o) (time_main)
miscutils/lib.a(ubirename.o)  libbb/lib.a(appletlib.o) (ubirename_main)
miscutils/lib.a(watchdog.o)   libbb/lib.a(appletlib.o) (watchdog_main)
modutils/lib.a(insmod.o)      libbb/lib.a(appletlib.o) (insmod_main)
modutils/lib.a(lsmod.o)       libbb/lib.a(appletlib.o) (lsmod_main)
modutils/lib.a(modprobe.o)    libbb/lib.a(appletlib.o) (modprobe_main)
modutils/lib.a(modutils.o)    modutils/lib.a(modprobe.o) (replace)
modutils/lib.a(rmmod.o)       libbb/lib.a(appletlib.o) (rmmod_main)
networking/lib.a(arp.o)       libbb/lib.a(appletlib.o) (arp_main)
networking/lib.a(arping.o)    libbb/lib.a(appletlib.o) (arping_main)
networking/lib.a(dnsd.o)      libbb/lib.a(appletlib.o) (dnsd_main)
networking/lib.a(ether-wake.o)
                              libbb/lib.a(appletlib.o) (ether_wake_main)
networking/lib.a(hostname.o)  libbb/lib.a(appletlib.o) (hostname_main)
networking/lib.a(ifconfig.o)  libbb/lib.a(appletlib.o) (ifconfig_main)
networking/lib.a(ifupdown.o)  libbb/lib.a(appletlib.o) (ifupdown_main)
networking/lib.a(inetd.o)     libbb/lib.a(appletlib.o) (inetd_main)
networking/lib.a(interface.o)
                              networking/lib.a(ifconfig.o) (in_ib)
networking/lib.a(ip.o)        libbb/lib.a(appletlib.o) (ipaddr_main)
networking/lib.a(nameif.o)    libbb/lib.a(appletlib.o) (nameif_main)
networking/lib.a(netstat.o)   libbb/lib.a(appletlib.o) (netstat_main)
[...]
Memory Configuration

Name             Origin             Length             Attributes
*default*        0x0000000000000000 0xffffffffffffffff

Linker script and memory map

LOAD /home/dean/sunxi-v3s/buildroot-2017.08/output/host/arm-buildroot-linux-gnueabihf/sysroot/usr/lib/crt1.o
LOAD /home/dean/sunxi-v3s/buildroot-2017.08/output/host/arm-buildroot-linux-gnueabihf/sysroot/usr/lib/crti.o
LOAD /opt/gcc-linaro-6.3.1-2017.05-x86_64_arm-linux-gnueabihf/bin/../lib/gcc/arm-linux-gnueabihf/6.3.1/crtbegin.o
START GROUP
LOAD applets/built-in.o
LOAD archival/lib.a
LOAD archival/libarchive/lib.a
LOAD console-tools/lib.a
LOAD coreutils/lib.a
LOAD coreutils/libcoreutils/lib.a
LOAD debianutils/lib.a
LOAD e2fsprogs/lib.a
LOAD editors/lib.a
LOAD findutils/lib.a
LOAD init/lib.a
LOAD libbb/lib.a
LOAD libpwdgrp/lib.a
LOAD loginutils/lib.a
LOAD mailutils/lib.a
LOAD miscutils/lib.a
LOAD modutils/lib.a
LOAD networking/lib.a
LOAD networking/libiproute/lib.a
LOAD networking/udhcp/lib.a
LOAD printutils/lib.a
LOAD procps/lib.a
LOAD runit/lib.a
LOAD selinux/lib.a
LOAD shell/lib.a
LOAD sysklogd/lib.a
LOAD util-linux/lib.a
LOAD util-linux/volume_id/lib.a
LOAD archival/built-in.o
LOAD archival/libarchive/built-in.o
LOAD console-tools/built-in.o
LOAD coreutils/built-in.o
LOAD coreutils/libcoreutils/built-in.o
LOAD debianutils/built-in.o
LOAD e2fsprogs/built-in.o
LOAD editors/built-in.o
LOAD findutils/built-in.o
LOAD init/built-in.o
LOAD libbb/built-in.o
LOAD libpwdgrp/built-in.o
LOAD loginutils/built-in.o
LOAD mailutils/built-in.o
LOAD miscutils/built-in.o
LOAD modutils/built-in.o
LOAD networking/built-in.o
LOAD networking/libiproute/built-in.o
LOAD networking/udhcp/built-in.o
LOAD printutils/built-in.o
LOAD procps/built-in.o
LOAD runit/built-in.o
LOAD selinux/built-in.o
LOAD shell/built-in.o
LOAD sysklogd/built-in.o
LOAD util-linux/built-in.o
LOAD util-linux/volume_id/built-in.o
END GROUP
START GROUP
END GROUP
LOAD /opt/gcc-linaro-6.3.1-2017.05-x86_64_arm-linux-gnueabihf/bin/../lib/gcc/arm-linux-gnueabihf/6.3.1/libgcc.a
LOAD /opt/gcc-linaro-6.3.1-2017.05-x86_64_arm-linux-gnueabihf/bin/../lib/gcc/arm-linux-gnueabihf/6.3.1/libgcc_eh.a
LOAD /home/dean/sunxi-v3s/buildroot-2017.08/output/host/arm-buildroot-linux-gnueabihf/sysroot/usr/lib/libc.so
START GROUP
LOAD /home/dean/sunxi-v3s/buildroot-2017.08/output/host/arm-buildroot-linux-gnueabihf/sysroot/lib/libc.so.6
LOAD /home/dean/sunxi-v3s/buildroot-2017.08/output/host/arm-buildroot-linux-gnueabihf/sysroot/usr/lib/libc_nonshared.a
LOAD /home/dean/sunxi-v3s/buildroot-2017.08/output/host/arm-buildroot-linux-gnueabihf/sysroot/lib/ld-linux-armhf.so.3
END GROUP
LOAD /opt/gcc-linaro-6.3.1-2017.05-x86_64_arm-linux-gnueabihf/bin/../lib/gcc/arm-linux-gnueabihf/6.3.1/libgcc.a
LOAD /opt/gcc-linaro-6.3.1-2017.05-x86_64_arm-linux-gnueabihf/bin/../lib/gcc/arm-linux-gnueabihf/6.3.1/libgcc_eh.a
LOAD /opt/gcc-linaro-6.3.1-2017.05-x86_64_arm-linux-gnueabihf/bin/../lib/gcc/arm-linux-gnueabihf/6.3.1/crtend.o
LOAD /home/dean/sunxi-v3s/buildroot-2017.08/output/host/arm-buildroot-linux-gnueabihf/sysroot/usr/lib/crtn.o
                [!provide]                        PROVIDE (__executable_start, 0x10000)
                0x0000000000010134                . = (0x10000 + SIZEOF_HEADERS)

.interp         0x0000000000010134       0x19
 *(SORT(.interp))
 .interp        0x0000000000010134       0x19 /home/dean/sunxi-v3s/buildroot-2017.08/output/host/arm-buildroot-linux-gnueabihf/sysroot/usr/lib/crt1.o

.note.ABI-tag   0x0000000000010150       0x20
 .note.ABI-tag  0x0000000000010150       0x20 /home/dean/sunxi-v3s/buildroot-2017.08/output/host/arm-buildroot-linux-gnueabihf/sysroot/usr/lib/crt1.o

.note.gnu.build-id
                0x0000000000010170       0x24
 *(SORT(.note.gnu.build-id))
 .note.gnu.build-id
                0x0000000000010170       0x24 linker stubs

.hash           0x0000000000010194      0x984
 *(SORT(.hash))
 .hash          0x0000000000010194      0x984 /home/dean/sunxi-v3s/buildroot-2017.08/output/host/arm-buildroot-linux-gnueabihf/sysroot/usr/lib/crt1.o

.gnu.hash
 *(SORT(.gnu.hash))

.dynsym         0x0000000000010b18     0x1580
 *(SORT(.dynsym))
 .dynsym        0x0000000000010b18     0x1580 /home/dean/sunxi-v3s/buildroot-2017.08/output/host/arm-buildroot-linux-gnueabihf/sysroot/usr/lib/crt1.o

.dynstr         0x0000000000012098      0xb49
 *(SORT(.dynstr))
 .dynstr        0x0000000000012098      0xb49 /home/dean/sunxi-v3s/buildroot-2017.08/output/host/arm-buildroot-linux-gnueabihf/sysroot/usr/lib/crt1.o

.gnu.version    0x0000000000012be2      0x2b0
 *(SORT(.gnu.version))
 .gnu.version   0x0000000000012be2      0x2b0 /home/dean/sunxi-v3s/buildroot-2017.08/output/host/arm-buildroot-linux-gnueabihf/sysroot/usr/lib/crt1.o

.gnu.version_d  0x0000000000012e94        0x0
 *(SORT(.gnu.version_d))
 .gnu.version_d
                0x0000000000012e94        0x0 /home/dean/sunxi-v3s/buildroot-2017.08/output/host/arm-buildroot-linux-gnueabihf/sysroot/usr/lib/crt1.o

.gnu.version_r  0x0000000000012e94       0x20
 *(SORT(.gnu.version_r))
 .gnu.version_r
                0x0000000000012e94       0x20 /home/dean/sunxi-v3s/buildroot-2017.08/output/host/arm-buildroot-linux-gnueabihf/sysroot/usr/lib/crt1.o

.rel.dyn        0x0000000000012eb4       0x48
 *(SORT(.rel.init))
 *(SORT(.rel.text) SORT(.rel.text.*) SORT(.rel.gnu.linkonce.t.*))
 *(SORT(.rel.fini))
 *(SORT(.rel.rodata) SORT(.rel.rodata.*) SORT(.rel.gnu.linkonce.r.*))
 *(SORT(.rel.data.rel.ro) SORT(.rel.data.rel.ro.*) SORT(.rel.gnu.linkonce.d.rel.ro.*))
 *(SORT(.rel.data) SORT(.rel.data.*) SORT(.rel.gnu.linkonce.d.*))
 *(SORT(.rel.tdata) SORT(.rel.tdata.*) SORT(.rel.gnu.linkonce.td.*))
 *(SORT(.rel.tbss) SORT(.rel.tbss.*) SORT(.rel.gnu.linkonce.tb.*))
 *(SORT(.rel.ctors))
 *(SORT(.rel.dtors))
 *(SORT(.rel.got))
 .rel.got       0x0000000000012eb4        0x8 /home/dean/sunxi-v3s/buildroot-2017.08/output/host/arm-buildroot-linux-gnueabihf/sysroot/usr/lib/crt1.o
 *(SORT(.rel.bss) SORT(.rel.bss.*) SORT(.rel.gnu.linkonce.b.*))
 .rel.bss       0x0000000000012ebc       0x40 /home/dean/sunxi-v3s/buildroot-2017.08/output/host/arm-buildroot-linux-gnueabihf/sysroot/usr/lib/crt1.o
                [!provide]                        PROVIDE (__rel_iplt_start, .)
 *(SORT(.rel.iplt))
 .rel.iplt      0x0000000000012efc        0x0 /home/dean/sunxi-v3s/buildroot-2017.08/output/host/arm-buildroot-linux-gnueabihf/sysroot/usr/lib/crt1.o
                [!provide]                        PROVIDE (__rel_iplt_end, .)

.rela.dyn       0x0000000000012efc        0x0
 *(SORT(.rela.init))
 *(SORT(.rela.text) SORT(.rela.text.*) SORT(.rela.gnu.linkonce.t.*))
 *(SORT(.rela.fini))
 *(SORT(.rela.rodata) SORT(.rela.rodata.*) SORT(.rela.gnu.linkonce.r.*))
 *(SORT(.rela.data) SORT(.rela.data.*) SORT(.rela.gnu.linkonce.d.*))
 *(SORT(.rela.tdata) SORT(.rela.tdata.*) SORT(.rela.gnu.linkonce.td.*))
 *(SORT(.rela.tbss) SORT(.rela.tbss.*) SORT(.rela.gnu.linkonce.tb.*))
 *(SORT(.rela.ctors))
 *(SORT(.rela.dtors))
 *(SORT(.rela.got))
 *(SORT(.rela.bss) SORT(.rela.bss.*) SORT(.rela.gnu.linkonce.b.*))
                [!provide]                        PROVIDE (__rela_iplt_start, .)
 *(SORT(.rela.iplt))
                [!provide]                        PROVIDE (__rela_iplt_end, .)

.rel.plt        0x0000000000012efc      0xa68
 *(SORT(.rel.plt))
 .rel.plt       0x0000000000012efc      0xa68 /home/dean/sunxi-v3s/buildroot-2017.08/output/host/arm-buildroot-linux-gnueabihf/sysroot/usr/lib/crt1.o

.rela.plt
 *(SORT(.rela.plt))

.init           0x0000000000013964        0xc
 *(SORT(.init))
 .init          0x0000000000013964        0x8 /home/dean/sunxi-v3s/buildroot-2017.08/output/host/arm-buildroot-linux-gnueabihf/sysroot/usr/lib/crti.o
                0x0000000000013964                _init
 .init          0x000000000001396c        0x4 /home/dean/sunxi-v3s/buildroot-2017.08/output/host/arm-buildroot-linux-gnueabihf/sysroot/usr/lib/crtn.o

.plt            0x0000000000013970      0xfc0
 *(SORT(.plt))
 .plt           0x0000000000013970      0xfc0 /home/dean/sunxi-v3s/buildroot-2017.08/output/host/arm-buildroot-linux-gnueabihf/sysroot/usr/lib/crt1.o
                0x0000000000013984                fdopen@@GLIBC_2.4
                0x0000000000013990                sched_get_priority_min@@GLIBC_2.4
                0x000000000001399c                endgrent@@GLIBC_2.4
                0x00000000000139a8                fputs_unlocked@@GLIBC_2.4
                0x00000000000139b4                strstr@@GLIBC_2.4
                0x00000000000139c0                gnu_dev_major@@GLIBC_2.4
                0x00000000000139cc                ether_hostton@@GLIBC_2.4
                0x00000000000139d8                raise@@GLIBC_2.4
                0x00000000000139e4                cfmakeraw@@GLIBC_2.4
                0x00000000000139f0                vasprintf@@GLIBC_2.4
                0x00000000000139fc                sendfile64@@GLIBC_2.4
                0x0000000000013a08                gmtime_r@@GLIBC_2.4
                0x0000000000013a14                strverscmp@@GLIBC_2.4
                0x0000000000013a20                inet_aton@@GLIBC_2.4
                0x0000000000013a2c                getpwnam@@GLIBC_2.4
                0x0000000000013a38                fsync@@GLIBC_2.4
                0x0000000000013a44                setbuf@@GLIBC_2.4
                0x0000000000013a50                __res_init@@GLIBC_2.4
                0x0000000000013a5c                strcasestr@@GLIBC_2.4
                0x0000000000013a68                strcmp@@GLIBC_2.4
                0x0000000000013a74                strtol@@GLIBC_2.4
                0x0000000000013a80                getpwuid@@GLIBC_2.4
                0x0000000000013a8c                setsockopt@@GLIBC_2.4
                0x0000000000013a98                strcspn@@GLIBC_2.4
                0x0000000000013aa4                times@@GLIBC_2.4
                0x0000000000013ab0                gnu_dev_makedev@@GLIBC_2.4
                0x0000000000013abc                dprintf@@GLIBC_2.4
                0x0000000000013ac8                clearenv@@GLIBC_2.4
                0x0000000000013ad4                printf@@GLIBC_2.4
                0x0000000000013ae0                hstrerror@@GLIBC_2.4
                0x0000000000013aec                gnu_dev_minor@@GLIBC_2.4
                0x0000000000013af8                getusershell@@GLIBC_2.4
                0x0000000000013b04                regerror@@GLIBC_2.4
                0x0000000000013b10                setrlimit64@@GLIBC_2.4
                0x0000000000013b1c                read@@GLIBC_2.4
                0x0000000000013b28                tcflush@@GLIBC_2.4
                0x0000000000013b34                mktime@@GLIBC_2.4
                0x0000000000013b40                longjmp@@GLIBC_2.4
                0x0000000000013b4c                fflush@@GLIBC_2.4
                0x0000000000013b58                utmpxname@@GLIBC_2.4
                0x0000000000013b64                getuid@@GLIBC_2.4
                0x0000000000013b70                sigprocmask@@GLIBC_2.4
                0x0000000000013b7c                _setjmp@@GLIBC_2.4
                0x0000000000013b88                memmove@@GLIBC_2.4
                0x0000000000013b94                strchrnul@@GLIBC_2.4
                0x0000000000013ba0                free@@GLIBC_2.4
                0x0000000000013bac                nanosleep@@GLIBC_2.4
                0x0000000000013bb8                fileno_unlocked@@GLIBC_2.4
                0x0000000000013bc4                inet_pton@@GLIBC_2.4
                0x0000000000013bd0                _exit@@GLIBC_2.4
                0x0000000000013bdc                __res_state@@GLIBC_2.4
                0x0000000000013be8                pututxline@@GLIBC_2.4
                0x0000000000013bf4                memcpy@@GLIBC_2.4
                0x0000000000013c00                tcsendbreak@@GLIBC_2.4
                0x0000000000013c0c                pivot_root@@GLIBC_2.4
                0x0000000000013c18                execvp@@GLIBC_2.4
                0x0000000000013c24                execlp@@GLIBC_2.4
                0x0000000000013c30                mmap64@@GLIBC_2.4
                0x0000000000013c3c                shmget@@GLIBC_2.4
                0x0000000000013c48                signal@@GLIBC_2.4
                0x0000000000013c54                time@@GLIBC_2.4
                0x0000000000013c60                rmdir@@GLIBC_2.4
                0x0000000000013c6c                gethostid@@GLIBC_2.4
                0x0000000000013c78                tcsetpgrp@@GLIBC_2.4
                0x0000000000013c84                sendmsg@@GLIBC_2.4
                0x0000000000013c90                ftruncate64@@GLIBC_2.4
                0x0000000000013c9c                memcmp@@GLIBC_2.4
                0x0000000000013ca8                inet_ntoa@@GLIBC_2.4
                0x0000000000013cb4                select@@GLIBC_2.4
                0x0000000000013cc0                swapon@@GLIBC_2.4
                0x0000000000013ccc                sleep@@GLIBC_2.4
                0x0000000000013cd8                stpcpy@@GLIBC_2.4
                0x0000000000013ce4                getc_unlocked@@GLIBC_2.4
                0x0000000000013cf0                uname@@GLIBC_2.4
                0x0000000000013cfc                ctime@@GLIBC_2.4
                0x0000000000013d08                recvfrom@@GLIBC_2.4
                0x0000000000013d14                getpwent@@GLIBC_2.4
                0x0000000000013d20                strdup@@GLIBC_2.4
                0x0000000000013d2c                setutxent@@GLIBC_2.4
                0x0000000000013d38                cfgetispeed@@GLIBC_2.4
                0x0000000000013d44                alarm@@GLIBC_2.4
                0x0000000000013d50                msgctl@@GLIBC_2.4
                0x0000000000013d5c                sysconf@@GLIBC_2.4
                0x0000000000013d68                unlink@@GLIBC_2.4
                0x0000000000013d74                dup2@@GLIBC_2.4
                0x0000000000013d80                reboot@@GLIBC_2.4
                0x0000000000013d8c                getrlimit64@@GLIBC_2.4
                0x0000000000013d98                realloc@@GLIBC_2.4
                0x0000000000013da4                killpg@@GLIBC_2.4
                0x0000000000013db0                strptime@@GLIBC_2.4
                0x0000000000013dbc                dup@@GLIBC_2.4
                0x0000000000013dc8                atoll@@GLIBC_2.4
                0x0000000000013dd4                getpriority@@GLIBC_2.4
                0x0000000000013de0                initgroups@@GLIBC_2.4
                0x0000000000013dec                regexec@@GLIBC_2.4
                0x0000000000013df8                localtime_r@@GLIBC_2.4
                0x0000000000013e04                wait@@GLIBC_2.4
                0x0000000000013e10                getlogin_r@@GLIBC_2.4
                0x0000000000013e1c                chdir@@GLIBC_2.4
                0x0000000000013e28                strcasecmp@@GLIBC_2.4
                0x0000000000013e34                getpgrp@@GLIBC_2.4
                0x0000000000013e40                geteuid@@GLIBC_2.4
                0x0000000000013e4c                strsignal@@GLIBC_2.4
                0x0000000000013e58                tzset@@GLIBC_2.4
                0x0000000000013e64                poll@@GLIBC_2.4
                0x0000000000013e70                accept@@GLIBC_2.4
                0x0000000000013e7c                setgroups@@GLIBC_2.4
                0x0000000000013e88                cfsetospeed@@GLIBC_2.4
                0x0000000000013e94                seteuid@@GLIBC_2.4
                0x0000000000013ea4                __fxstat64@@GLIBC_2.4
                0x0000000000013eb0                readlink@@GLIBC_2.4
                0x0000000000013ebc                getegid@@GLIBC_2.4
                0x0000000000013ec8                sigaction@@GLIBC_2.4
                0x0000000000013ed4                fwrite@@GLIBC_2.4
                0x0000000000013ee0                strcat@@GLIBC_2.4
                0x0000000000013eec                ioctl@@GLIBC_2.4
                0x0000000000013ef8                sched_getscheduler@@GLIBC_2.4
                0x0000000000013f04                lseek64@@GLIBC_2.4
                0x0000000000013f10                regfree@@GLIBC_2.4
                0x0000000000013f1c                strtoll@@GLIBC_2.4
                0x0000000000013f28                usleep@@GLIBC_2.4
                0x0000000000013f34                waitpid@@GLIBC_2.4
                0x0000000000013f40                hasmntopt@@GLIBC_2.4
                0x0000000000013f4c                tcsetattr@@GLIBC_2.4
                0x0000000000013f58                munlock@@GLIBC_2.4
                0x0000000000013f64                strcpy@@GLIBC_2.4
                0x0000000000013f70                chroot@@GLIBC_2.4
                0x0000000000013f7c                gettimeofday@@GLIBC_2.4
                0x0000000000013f88                fread@@GLIBC_2.4
                0x0000000000013f94                pread64@@GLIBC_2.4
                0x0000000000013fa0                sched_yield@@GLIBC_2.4
                0x0000000000013fac                ferror_unlocked@@GLIBC_2.4
                0x0000000000013fb8                shmctl@@GLIBC_2.4
                0x0000000000013fc4                getmntent@@GLIBC_2.4
                0x0000000000013fd0                opendir@@GLIBC_2.4
                0x0000000000013fdc                umount2@@GLIBC_2.4
                0x0000000000013fe8                fnmatch@@GLIBC_2.4
                0x0000000000013ff4                open64@@GLIBC_2.4
                0x0000000000014000                sched_get_priority_max@@GLIBC_2.4
                0x000000000001400c                getenv@@GLIBC_2.4
                0x0000000000014018                setpriority@@GLIBC_2.4
                0x0000000000014024                mkstemp64@@GLIBC_2.4
                0x0000000000014030                puts@@GLIBC_2.4
                0x000000000001403c                setgid@@GLIBC_2.4
                0x0000000000014048                sysinfo@@GLIBC_2.4
                0x0000000000014054                malloc@@GLIBC_2.4
                0x0000000000014060                settimeofday@@GLIBC_2.4
                0x000000000001406c                sigaddset@@GLIBC_2.4
                0x0000000000014078                __libc_start_main@@GLIBC_2.4
                0x0000000000014084                strerror@@GLIBC_2.4
                0x0000000000014090                system@@GLIBC_2.4
                0x000000000001409c                strftime@@GLIBC_2.4
                0x00000000000140a8                tcdrain@@GLIBC_2.4
                0x00000000000140b4                __h_errno_location@@GLIBC_2.4
                0x00000000000140c0                localtime@@GLIBC_2.4
                0x00000000000140cc                strsep@@GLIBC_2.4
                0x00000000000140d8                mktemp@@GLIBC_2.4
                0x00000000000140e4                scanf@@GLIBC_2.4
                0x00000000000140f0                closelog@@GLIBC_2.4
                0x00000000000140fc                sethostname@@GLIBC_2.4
                0x0000000000014108                dirname@@GLIBC_2.4
                0x0000000000014120                freopen64@@GLIBC_2.4
                0x000000000001412c                rename@@GLIBC_2.4
                0x0000000000014138                getopt_long@@GLIBC_2.4
                0x0000000000014144                kill@@GLIBC_2.4
                0x0000000000014150                getcwd@@GLIBC_2.4
                0x000000000001415c                getpid@@GLIBC_2.4
                0x0000000000014168                exit@@GLIBC_2.4
                0x0000000000014174                syscall@@GLIBC_2.4
                0x0000000000014180                flock@@GLIBC_2.4
                0x000000000001418c                strtoul@@GLIBC_2.4
                0x0000000000014198                tcgetpgrp@@GLIBC_2.4
                0x00000000000141a4                strlen@@GLIBC_2.4
                0x00000000000141b0                getchar_unlocked@@GLIBC_2.4
                0x00000000000141bc                setsid@@GLIBC_2.4
                0x00000000000141c8                vprintf@@GLIBC_2.4
                0x00000000000141d4                setpgrp@@GLIBC_2.4
                0x00000000000141e0                sched_getparam@@GLIBC_2.4
                0x00000000000141ec                strchr@@GLIBC_2.4
                0x00000000000141f8                srand@@GLIBC_2.4
                0x0000000000014204                setenv@@GLIBC_2.4
                0x0000000000014210                personality@@GLIBC_2.4
                0x000000000001421c                memrchr@@GLIBC_2.4
                0x0000000000014228                ttyname_r@@GLIBC_2.4
                0x0000000000014234                fchown@@GLIBC_2.4
                0x0000000000014240                execve@@GLIBC_2.4
                0x000000000001424c                getopt@@GLIBC_2.4
                0x0000000000014258                fprintf@@GLIBC_2.4
                0x0000000000014264                getpagesize@@GLIBC_2.4
                0x0000000000014270                cfsetispeed@@GLIBC_2.4
                0x000000000001427c                chown@@GLIBC_2.4
                0x0000000000014288                ungetc@@GLIBC_2.4
                0x0000000000014294                fcntl@@GLIBC_2.4
                0x00000000000142a0                setlinebuf@@GLIBC_2.4
                0x00000000000142ac                execv@@GLIBC_2.4
                0x00000000000142b8                cfgetospeed@@GLIBC_2.4
                0x00000000000142c4                sigfillset@@GLIBC_2.4
                0x00000000000142d0                __errno_location@@GLIBC_2.4
                0x00000000000142dc                getservbyname@@GLIBC_2.4
                0x00000000000142e8                strncasecmp@@GLIBC_2.4
                0x00000000000142f4                klogctl@@GLIBC_2.4
                0x0000000000014300                snprintf@@GLIBC_2.4
                0x0000000000014310                __cxa_atexit@@GLIBC_2.4
                0x000000000001431c                mkdir@@GLIBC_2.4
                0x0000000000014328                semget@@GLIBC_2.4
                0x0000000000014334                bind@@GLIBC_2.4
                0x0000000000014340                getservbyport@@GLIBC_2.4
                0x000000000001434c                getgid@@GLIBC_2.4
                0x0000000000014358                getgrouplist@@GLIBC_2.4
                0x0000000000014364                memset@@GLIBC_2.4
                0x0000000000014370                getmntent_r@@GLIBC_2.4
                0x000000000001437c                bsearch@@GLIBC_2.4
                0x0000000000014388                sigtimedwait@@GLIBC_2.4
                0x0000000000014394                utimes@@GLIBC_2.4
                0x00000000000143a0                strncpy@@GLIBC_2.4
                0x00000000000143ac                fscanf@@GLIBC_2.4
                0x00000000000143b8                mallopt@@GLIBC_2.4
                0x00000000000143c4                sigsuspend@@GLIBC_2.4
                0x00000000000143d0                strtoull@@GLIBC_2.4
                0x00000000000143dc                wait3@@GLIBC_2.4
                0x00000000000143e8                prctl@@GLIBC_2.4
                0x00000000000143f4                strtod@@GLIBC_2.4
                0x0000000000014400                link@@GLIBC_2.4
                0x000000000001440c                write@@GLIBC_2.4
                0x0000000000014418                sigdelset@@GLIBC_2.4
                0x0000000000014424                mlock@@GLIBC_2.4
                0x0000000000014430                getopt_long_only@@GLIBC_2.4
                0x000000000001443c                ether_aton_r@@GLIBC_2.4
                0x0000000000014448                vfork@@GLIBC_2.4
                0x0000000000014454                memchr@@GLIBC_2.4
                0x0000000000014460                vsprintf@@GLIBC_2.4
                0x000000000001446c                access@@GLIBC_2.4
                0x0000000000014478                rand@@GLIBC_2.4
                0x0000000000014484                setegid@@GLIBC_2.4
                0x0000000000014490                fclose@@GLIBC_2.4
                0x000000000001449c                getsid@@GLIBC_2.4
                0x00000000000144a8                strnlen@@GLIBC_2.4
                0x00000000000144b4                pipe@@GLIBC_2.4
                0x00000000000144c0                fseeko64@@GLIBC_2.4
                0x00000000000144cc                endmntent@@GLIBC_2.4
                0x00000000000144d8                munmap@@GLIBC_2.4
                0x00000000000144e4                posix_fallocate64@@GLIBC_2.4
                0x00000000000144f0                strtok@@GLIBC_2.4
                0x00000000000144fc                semctl@@GLIBC_2.4
                0x0000000000014508                sendto@@GLIBC_2.4
                0x0000000000014514                endutxent@@GLIBC_2.4
                0x0000000000014520                sigemptyset@@GLIBC_2.4
                0x000000000001452c                popen@@GLIBC_2.4
                0x0000000000014538                fork@@GLIBC_2.4
                0x0000000000014544                execle@@GLIBC_2.4
                0x0000000000014550                putenv@@GLIBC_2.4
                0x000000000001455c                stime@@GLIBC_2.4
                0x0000000000014568                getnameinfo@@GLIBC_2.4
                0x0000000000014574                execl@@GLIBC_2.4
                0x0000000000014580                strrchr@@GLIBC_2.4
                0x000000000001458c                listen@@GLIBC_2.4
                0x0000000000014598                vfprintf@@GLIBC_2.4
                0x00000000000145a4                statfs64@@GLIBC_2.4
                0x00000000000145b0                __sigsetjmp@@GLIBC_2.4
                0x00000000000145bc                lchown@@GLIBC_2.4
                0x00000000000145c8                syslog@@GLIBC_2.4
                0x00000000000145d4                symlink@@GLIBC_2.4
                0x00000000000145e0                updwtmpx@@GLIBC_2.4
                0x00000000000145ec                setuid@@GLIBC_2.4
                0x00000000000145f8                sscanf@@GLIBC_2.4
                0x0000000000014604                setpgid@@GLIBC_2.4
                0x0000000000014610                clearerr@@GLIBC_2.4
                0x000000000001461c                sprintf@@GLIBC_2.4
                0x0000000000014628                readdir64@@GLIBC_2.4
                0x0000000000014634                mkdtemp@@GLIBC_2.4
                0x0000000000014640                openlog@@GLIBC_2.4
                0x000000000001464c                regcomp@@GLIBC_2.4
                0x0000000000014658                getgroups@@GLIBC_2.4
                0x0000000000014664                getsockname@@GLIBC_2.4
                0x0000000000014670                vsnprintf@@GLIBC_2.4
                0x000000000001467c                getppid@@GLIBC_2.4
                0x0000000000014688                atoi@@GLIBC_2.4
                0x0000000000014694                recvmsg@@GLIBC_2.4
                0x00000000000146a0                fchdir@@GLIBC_2.4
                0x00000000000146ac                fopen64@@GLIBC_2.4
                0x00000000000146b8                qsort@@GLIBC_2.4
                0x00000000000146c4                strpbrk@@GLIBC_2.4
                0x00000000000146d0                msgget@@GLIBC_2.4
                0x00000000000146dc                freeaddrinfo@@GLIBC_2.4
                0x00000000000146e8                getaddrinfo@@GLIBC_2.4
                0x00000000000146f4                inet_ntop@@GLIBC_2.4
                0x0000000000014700                fgets_unlocked@@GLIBC_2.4
                0x000000000001470c                socket@@GLIBC_2.4
                0x0000000000014718                sched_getaffinity@@GLIBC_2.4
                0x0000000000014724                setmntent@@GLIBC_2.4
                0x0000000000014730                cfsetspeed@@GLIBC_2.4
                0x000000000001473c                atof@@GLIBC_2.4
                0x0000000000014748                inet_addr@@GLIBC_2.4
                0x0000000000014754                __cmsg_nxthdr@@GLIBC_2.4
                0x0000000000014760                sync@@GLIBC_2.4
                0x000000000001476c                getline@@GLIBC_2.4
                0x0000000000014778                if_nametoindex@@GLIBC_2.4
                0x0000000000014784                getspnam_r@@GLIBC_2.4
                0x0000000000014790                umask@@GLIBC_2.4
                0x000000000001479c                swapoff@@GLIBC_2.4
                0x00000000000147a8                chmod@@GLIBC_2.4
                0x00000000000147b4                gethostbyname@@GLIBC_2.4
                0x00000000000147c4                __xstat64@@GLIBC_2.4
                0x00000000000147d0                isatty@@GLIBC_2.4
                0x00000000000147dc                __xmknod@@GLIBC_2.4
                0x00000000000147e8                unsetenv@@GLIBC_2.4
                0x00000000000147f4                fputs@@GLIBC_2.4
                0x0000000000014800                strncmp@@GLIBC_2.4
                0x000000000001480c                fdatasync@@GLIBC_2.4
                0x0000000000014818                abort@@GLIBC_2.4
                0x0000000000014824                feof_unlocked@@GLIBC_2.4
                0x0000000000014830                getutxent@@GLIBC_2.4
                0x000000000001483c                recv@@GLIBC_2.4
                0x0000000000014848                realpath@@GLIBC_2.4
                0x0000000000014854                siglongjmp@@GLIBC_2.4
                0x0000000000014860                close@@GLIBC_2.4
                0x0000000000014870                __lxstat64@@GLIBC_2.4
                0x000000000001487c                mkfifo@@GLIBC_2.4
                0x0000000000014888                connect@@GLIBC_2.4
                0x0000000000014894                closedir@@GLIBC_2.4
                0x00000000000148a0                getgrgid@@GLIBC_2.4
                0x00000000000148ac                getgrnam@@GLIBC_2.4
                0x00000000000148b8                sched_setscheduler@@GLIBC_2.4
                0x00000000000148c4                putchar_unlocked@@GLIBC_2.4
                0x00000000000148d0                strspn@@GLIBC_2.4
                0x00000000000148dc                fchmod@@GLIBC_2.4
                0x00000000000148e8                tcgetattr@@GLIBC_2.4
                0x00000000000148f4                putc_unlocked@@GLIBC_2.4
                0x0000000000014900                tcgetsid@@GLIBC_2.4
                0x000000000001490c                ftello64@@GLIBC_2.4
                0x0000000000014918                pclose@@GLIBC_2.4
                0x0000000000014924                mount@@GLIBC_2.4

.iplt           0x0000000000014930        0x0
 *(SORT(.iplt))
 .iplt          0x0000000000014930        0x0 /home/dean/sunxi-v3s/buildroot-2017.08/output/host/arm-buildroot-linux-gnueabihf/sysroot/usr/lib/crt1.o

.text           0x0000000000014930    0x7c8f8
 *(SORT(.text.unlikely) SORT(.text.*_unlikely) SORT(.text.unlikely.*))
 *(SORT(.text.exit) SORT(.text.exit.*))
 *(SORT(.text.startup) SORT(.text.startup.*))
 *(SORT(.text.hot) SORT(.text.hot.*))
 *(SORT(.text) SORT(.stub) SORT(.text.*) SORT(.gnu.linkonce.t.*))
 .text.identify
                0x0000000000014930     0x1238 miscutils/lib.a(hdparm.o)
 .text.parse_args
                0x0000000000015b68      0x678 networking/libiproute/lib.a(iptunnel.o)
 .text.showmode
                0x00000000000161e0      0x184 util-linux/lib.a(fbset.o)
 *fill*         0x0000000000016364        0x4 
 .text.get_boot
                0x0000000000016368      0x844 util-linux/lib.a(fdisk.o)
 *fill*         0x0000000000016bac        0x4 
 .text.sleep_main
                0x0000000000016bb0      0x194 coreutils/lib.a(sleep.o)
                0x0000000000016bb0                sleep_main
 *fill*         0x0000000000016d44        0x4 
 .text.evaluate
                0x0000000000016d48      0xe38 editors/lib.a(awk.o)
 .text.cmp_main
                0x0000000000017b80      0x2d8 editors/lib.a(cmp.o)
                0x0000000000017b80                cmp_main
 .text.smart_ulltoa5
                0x0000000000017e58      0x1a0 libbb/lib.a(human_readable.o)
                0x0000000000017e58                smart_ulltoa5
 .text.bb_progress_update
                0x0000000000017ff8      0x354 libbb/lib.a(progress.o)
                0x0000000000017ff8                bb_progress_update
 *fill*         0x000000000001834c        0x4 
 .text          0x0000000000018350       0x48 /opt/gcc-linaro-6.3.1-2017.05-x86_64_arm-linux-gnueabihf/bin/../lib/gcc/arm-linux-gnueabihf/6.3.1/libgcc.a(_fixunsdfdi.o)
                0x0000000000018350                __aeabi_d2ulz
                0x0000000000018350                __fixunsdfdi
 .text          0x0000000000018398       0x30 /home/dean/sunxi-v3s/buildroot-2017.08/output/host/arm-buildroot-linux-gnueabihf/sysroot/usr/lib/crt1.o
                0x0000000000018398                _start
 .text          0x00000000000183c8       0x24 /home/dean/sunxi-v3s/buildroot-2017.08/output/host/arm-buildroot-linux-gnueabihf/sysroot/usr/lib/crti.o
 .text          0x00000000000183ec       0x8c /opt/gcc-linaro-6.3.1-2017.05-x86_64_arm-linux-gnueabihf/bin/../lib/gcc/arm-linux-gnueabihf/6.3.1/crtbegin.o
 .text.string_array_len
                0x0000000000018478       0x28 libbb/lib.a(appletlib.o)
                0x0000000000018478                string_array_len
 .text.find_applet_by_name
                0x00000000000184a0       0xb4 libbb/lib.a(appletlib.o)
                0x00000000000184a0                find_applet_by_name
 .text.bb_show_usage
                0x0000000000018554       0xa4 libbb/lib.a(appletlib.o)
                0x0000000000018554                bb_show_usage
 .text.lbb_prepare
                0x00000000000185f8       0x28 libbb/lib.a(appletlib.o)
                0x00000000000185f8                lbb_prepare
 .text.run_applet_no_and_exit
                0x0000000000018620      0x128 libbb/lib.a(appletlib.o)
                0x0000000000018620                run_applet_no_and_exit
 .text.run_applet_and_exit
                0x0000000000018748      0x360 libbb/lib.a(appletlib.o)
 .text.main     0x0000000000018aa8       0x74 libbb/lib.a(appletlib.o)
                0x0000000000018aa8                main
 .text.is_prefixed_with
                0x0000000000018b1c       0x30 libbb/lib.a(compare_string_array.o)
                0x0000000000018b1c                is_prefixed_with
 .text.index_in_strings
                0x0000000000018b4c       0x54 libbb/lib.a(compare_string_array.o)
                0x0000000000018b4c                index_in_strings
 .text.index_in_substrings
                0x0000000000018ba0       0x8c libbb/lib.a(compare_string_array.o)
                0x0000000000018ba0                index_in_substrings
 .text.nth_string
                0x0000000000018c2c       0x34 libbb/lib.a(compare_string_array.o)
                0x0000000000018c2c                nth_string
 .text.concat_path_file
                0x0000000000018c60       0x64 libbb/lib.a(concat_path_file.o)
                0x0000000000018c60                concat_path_file
 .text.bb_basename
                0x0000000000018cc4       0x20 libbb/lib.a(get_last_path_component.o)
                0x0000000000018cc4                bb_basename
 .text.bb_get_last_path_component_nostrip
                0x0000000000018ce4       0x3c libbb/lib.a(get_last_path_component.o)
                0x0000000000018ce4                bb_get_last_path_component_nostrip
 .text.bb_get_last_path_component_strip
                0x0000000000018d20       0x50 libbb/lib.a(get_last_path_component.o)
                0x0000000000018d20                bb_get_last_path_component_strip
 .text.last_char_is
                0x0000000000018d70       0x4c libbb/lib.a(last_char_is.o)
                0x0000000000018d70                last_char_is
 .text.bb_perror_msg
                0x0000000000018dbc       0x4c libbb/lib.a(perror_msg.o)
                0x0000000000018dbc                bb_perror_msg
 .text.bb_perror_msg_and_die
                0x0000000000018e08       0x40 libbb/lib.a(perror_msg.o)
                0x0000000000018e08                bb_perror_msg_and_die
 .text.bb_simple_perror_msg
                0x0000000000018e48       0x10 libbb/lib.a(perror_msg.o)
                0x0000000000018e48                bb_simple_perror_msg
 .text.bb_simple_perror_msg_and_die
                0x0000000000018e58       0x14 libbb/lib.a(perror_msg.o)
                0x0000000000018e58                bb_simple_perror_msg_and_die
 .text.bb_verror_msg
                0x0000000000018e6c      0x218 libbb/lib.a(verror_msg.o)
                0x0000000000018e6c                bb_verror_msg
 .text.bb_error_msg_and_die
                0x0000000000019084       0x20 libbb/lib.a(verror_msg.o)
                0x0000000000019084                bb_error_msg_and_die
 .text.bb_error_msg
                0x00000000000190a4       0x2c libbb/lib.a(verror_msg.o)
                0x00000000000190a4                bb_error_msg
 .text.xfunc_die
                0x00000000000190d0       0x2c libbb/lib.a(xfunc_die.o)
                0x00000000000190d0                xfunc_die
 .text.ndelay_on
                0x00000000000190fc       0x34 libbb/lib.a(xfuncs.o)
                0x00000000000190fc                ndelay_on
 .text.ndelay_off
                0x0000000000019130       0x34 libbb/lib.a(xfuncs.o)
                0x0000000000019130                ndelay_off
 .text.close_on_exec_on
                0x0000000000019164        0xc libbb/lib.a(xfuncs.o)
                0x0000000000019164                close_on_exec_on
 .text.strncpy_IFNAMSIZ
                0x0000000000019170        0x8 libbb/lib.a(xfuncs.o)
                0x0000000000019170                strncpy_IFNAMSIZ
 .text.utoa_to_buf
                0x0000000000019178       0x80 libbb/lib.a(xfuncs.o)
                0x0000000000019178                utoa_to_buf
 .text.itoa_to_buf
                0x00000000000191f8       0x2c libbb/lib.a(xfuncs.o)
                0x00000000000191f8                itoa_to_buf
 .text.utoa     0x0000000000019224       0x28 libbb/lib.a(xfuncs.o)
                0x0000000000019224                utoa
 .text.itoa     0x000000000001924c       0x28 libbb/lib.a(xfuncs.o)
                0x000000000001924c                itoa
 .text.bin2hex  0x0000000000019274       0x4c libbb/lib.a(xfuncs.o)
                0x0000000000019274                bin2hex
 .text.hex2bin  0x00000000000192c0       0xd8 libbb/lib.a(xfuncs.o)
                0x00000000000192c0                hex2bin
 .text.bb_putchar_stderr
                0x0000000000019398       0x20 libbb/lib.a(xfuncs.o)
                0x0000000000019398                bb_putchar_stderr
 .text.full_write1_str
                0x00000000000193b8       0x20 libbb/lib.a(xfuncs.o)
                0x00000000000193b8                full_write1_str
 .text.full_write2_str
                0x00000000000193d8       0x20 libbb/lib.a(xfuncs.o)
                0x00000000000193d8                full_write2_str
 .text.get_terminal_width_height
                0x00000000000193f8      0x13c libbb/lib.a(xfuncs.o)
                0x00000000000193f8                get_terminal_width_height
 .text.get_terminal_width
                0x0000000000019534       0x1c libbb/lib.a(xfuncs.o)
                0x0000000000019534                get_terminal_width
 .text.tcsetattr_stdin_TCSANOW
                0x0000000000019550       0x10 libbb/lib.a(xfuncs.o)
                0x0000000000019550                tcsetattr_stdin_TCSANOW
 .text.set_termios_to_raw
                0x0000000000019560       0xb0 libbb/lib.a(xfuncs.o)
                0x0000000000019560                set_termios_to_raw
 .text.safe_waitpid
                0x0000000000019610       0x44 libbb/lib.a(xfuncs.o)
                0x0000000000019610                safe_waitpid
 .text.wait_any_nohang
                0x0000000000019654       0x10 libbb/lib.a(xfuncs.o)
                0x0000000000019654                wait_any_nohang
 .text.wait4pid
                0x0000000000019664       0x54 libbb/lib.a(xfuncs.o)
                0x0000000000019664                wait4pid
 .text.wait_for_exitstatus
                0x00000000000196b8       0x30 libbb/lib.a(xfuncs.o)
                0x00000000000196b8                wait_for_exitstatus
 .text.malloc_or_warn
                0x00000000000196e8       0x3c libbb/lib.a(xfuncs_printf.o)
                0x00000000000196e8                malloc_or_warn
 .text.xmalloc  0x0000000000019724       0x30 libbb/lib.a(xfuncs_printf.o)
                0x0000000000019724                xmalloc
 .text.xrealloc
                0x0000000000019754       0x30 libbb/lib.a(xfuncs_printf.o)
                0x0000000000019754                xrealloc
 .text.xzalloc  0x0000000000019784       0x24 libbb/lib.a(xfuncs_printf.o)
                0x0000000000019784                xzalloc
 .text.xstrdup  0x00000000000197a8       0x2c libbb/lib.a(xfuncs_printf.o)
                0x00000000000197a8                xstrdup
 .text.xstrndup
                0x00000000000197d4       0x50 libbb/lib.a(xfuncs_printf.o)
                0x00000000000197d4                xstrndup
 .text.xmemdup  0x0000000000019824       0x24 libbb/lib.a(xfuncs_printf.o)
                0x0000000000019824                xmemdup
 .text.xfopen   0x0000000000019848       0x24 libbb/lib.a(xfuncs_printf.o)
                0x0000000000019848                xfopen
 .text.xopen3   0x000000000001986c       0x24 libbb/lib.a(xfuncs_printf.o)
                0x000000000001986c                xopen3
 .text.xopen    0x0000000000019890        0x8 libbb/lib.a(xfuncs_printf.o)
                0x0000000000019890                xopen
 .text.open3_or_warn
                0x0000000000019898       0x2c libbb/lib.a(xfuncs_printf.o)
                0x0000000000019898                open3_or_warn
 .text.open_or_warn
                0x00000000000198c4        0x8 libbb/lib.a(xfuncs_printf.o)
                0x00000000000198c4                open_or_warn
 .text.xopen_nonblocking
                0x00000000000198cc        0x8 libbb/lib.a(xfuncs_printf.o)
                0x00000000000198cc                xopen_nonblocking
 .text.xunlink  0x00000000000198d4       0x24 libbb/lib.a(xfuncs_printf.o)
                0x00000000000198d4                xunlink
 .text.xrename  0x00000000000198f8       0x2c libbb/lib.a(xfuncs_printf.o)
                0x00000000000198f8                xrename
 .text.xpipe    0x0000000000019924       0x1c libbb/lib.a(xfuncs_printf.o)
                0x0000000000019924                xpipe
 .text.xdup2    0x0000000000019940       0x20 libbb/lib.a(xfuncs_printf.o)
                0x0000000000019940                xdup2
 .text.xmove_fd
                0x0000000000019960       0x20 libbb/lib.a(xfuncs_printf.o)
                0x0000000000019960                xmove_fd
 .text.xwrite   0x0000000000019980       0x38 libbb/lib.a(xfuncs_printf.o)
                0x0000000000019980                xwrite
 .text.xwrite_str
                0x00000000000199b8       0x28 libbb/lib.a(xfuncs_printf.o)
                0x00000000000199b8                xwrite_str
 .text.xclose   0x00000000000199e0       0x1c libbb/lib.a(xfuncs_printf.o)
                0x00000000000199e0                xclose
 .text.xlseek   0x00000000000199fc       0x5c libbb/lib.a(xfuncs_printf.o)
                0x00000000000199fc                xlseek
 .text.xmkstemp
                0x0000000000019a58       0x24 libbb/lib.a(xfuncs_printf.o)
                0x0000000000019a58                xmkstemp
 .text.die_if_ferror
                0x0000000000019a7c       0x24 libbb/lib.a(xfuncs_printf.o)
                0x0000000000019a7c                die_if_ferror
 .text.die_if_ferror_stdout
                0x0000000000019aa0       0x18 libbb/lib.a(xfuncs_printf.o)
                0x0000000000019aa0                die_if_ferror_stdout
 .text.fflush_all
                0x0000000000019ab8        0x8 libbb/lib.a(xfuncs_printf.o)
                0x0000000000019ab8                fflush_all
 .text.bb_putchar
                0x0000000000019ac0        0x4 libbb/lib.a(xfuncs_printf.o)
                0x0000000000019ac0                bb_putchar
 .text.xasprintf
                0x0000000000019ac4       0x44 libbb/lib.a(xfuncs_printf.o)
                0x0000000000019ac4                xasprintf
 .text.xsetenv  0x0000000000019b08       0x20 libbb/lib.a(xfuncs_printf.o)
                0x0000000000019b08                xsetenv
 .text.bb_unsetenv
                0x0000000000019b28       0x44 libbb/lib.a(xfuncs_printf.o)
                0x0000000000019b28                bb_unsetenv
 .text.bb_unsetenv_and_free
                0x0000000000019b6c       0x18 libbb/lib.a(xfuncs_printf.o)
                0x0000000000019b6c                bb_unsetenv_and_free
 .text.xsetgid  0x0000000000019b84       0x1c libbb/lib.a(xfuncs_printf.o)
                0x0000000000019b84                xsetgid
 .text.xsetuid  0x0000000000019ba0       0x1c libbb/lib.a(xfuncs_printf.o)
                0x0000000000019ba0                xsetuid
 .text.xsetegid
                0x0000000000019bbc       0x1c libbb/lib.a(xfuncs_printf.o)
                0x0000000000019bbc                xsetegid
 .text.xseteuid
                0x0000000000019bd8       0x1c libbb/lib.a(xfuncs_printf.o)
                0x0000000000019bd8                xseteuid
 .text.xopen_as_uid_gid
                0x0000000000019bf4       0x5c libbb/lib.a(xfuncs_printf.o)
                0x0000000000019bf4                xopen_as_uid_gid
 .text.xchdir   0x0000000000019c50       0x24 libbb/lib.a(xfuncs_printf.o)
                0x0000000000019c50                xchdir
 .text.xchroot  0x0000000000019c74       0x34 libbb/lib.a(xfuncs_printf.o)
                0x0000000000019c74                xchroot
 .text.warn_opendir
                0x0000000000019ca8       0x2c libbb/lib.a(xfuncs_printf.o)
                0x0000000000019ca8                warn_opendir
 .text.xopendir
                0x0000000000019cd4       0x24 libbb/lib.a(xfuncs_printf.o)
                0x0000000000019cd4                xopendir
 .text.xsocket  0x0000000000019cf8       0x1c libbb/lib.a(xfuncs_printf.o)
                0x0000000000019cf8                xsocket
 .text.xbind    0x0000000000019d14       0x1c libbb/lib.a(xfuncs_printf.o)
                0x0000000000019d14                xbind
 .text.xsendto  0x0000000000019d30       0x30 libbb/lib.a(xfuncs_printf.o)
                0x0000000000019d30                xsendto
 .text.xstat    0x0000000000019d60       0x24 libbb/lib.a(xfuncs_printf.o)
                0x0000000000019d60                xstat
 .text.xfstat   0x0000000000019d84       0x1c libbb/lib.a(xfuncs_printf.o)
                0x0000000000019d84                xfstat
 .text.ioctl_or_perror_and_die
                0x0000000000019da0       0x54 libbb/lib.a(xfuncs_printf.o)
                0x0000000000019da0                ioctl_or_perror_and_die
 .text.ioctl_or_perror
                0x0000000000019df4       0x54 libbb/lib.a(xfuncs_printf.o)
                0x0000000000019df4                ioctl_or_perror
 .text.bb_ioctl_or_warn
                0x0000000000019e48       0x24 libbb/lib.a(xfuncs_printf.o)
                0x0000000000019e48                bb_ioctl_or_warn
 .text.bb_xioctl
                0x0000000000019e6c       0x1c libbb/lib.a(xfuncs_printf.o)
                0x0000000000019e6c                bb_xioctl
 .text.xmalloc_ttyname
                0x0000000000019e88       0x30 libbb/lib.a(xfuncs_printf.o)
                0x0000000000019e88                xmalloc_ttyname
 .text.generate_uuid
                0x0000000000019eb8       0xa4 libbb/lib.a(xfuncs_printf.o)
                0x0000000000019eb8                generate_uuid
 .text.xfork    0x0000000000019f5c       0x1c libbb/lib.a(xfuncs_printf.o)
                0x0000000000019f5c                xfork
 .text.xmalloc_readlink
                0x0000000000019f78       0x64 libbb/lib.a(xreadlink.o)
                0x0000000000019f78                xmalloc_readlink
 .text.xmalloc_follow_symlinks
                0x0000000000019fdc       0xb8 libbb/lib.a(xreadlink.o)
                0x0000000000019fdc                xmalloc_follow_symlinks
 .text.xmalloc_readlink_or_warn
                0x000000000001a094       0x54 libbb/lib.a(xreadlink.o)
                0x000000000001a094                xmalloc_readlink_or_warn
 .text.xmalloc_realpath
                0x000000000001a0e8        0x8 libbb/lib.a(xreadlink.o)
                0x000000000001a0e8                xmalloc_realpath
 .text.bb_full_fd_action
                0x000000000001a0f0      0x174 libbb/lib.a(copyfd.o)
 .text.bb_copyfd_size
                0x000000000001a264       0x2c libbb/lib.a(copyfd.o)
                0x000000000001a264                bb_copyfd_size
 .text.bb_copyfd_exact_size
                0x000000000001a290       0x58 libbb/lib.a(copyfd.o)
                0x000000000001a290                bb_copyfd_exact_size
 .text.bb_copyfd_eof
                0x000000000001a2e8        0xc libbb/lib.a(copyfd.o)
                0x000000000001a2e8                bb_copyfd_eof
 .text.full_write
                0x000000000001a2f4       0x54 libbb/lib.a(full_write.o)
                0x000000000001a2f4                full_write
 .text.safe_read
                0x000000000001a348       0x44 libbb/lib.a(read.o)
                0x000000000001a348                safe_read
 .text.full_read
                0x000000000001a38c       0x58 libbb/lib.a(read.o)
                0x000000000001a38c                full_read
 .text.read_close
                0x000000000001a3e4       0x20 libbb/lib.a(read.o)
                0x000000000001a3e4                read_close
 .text.open_read_close
                0x000000000001a404       0x2c libbb/lib.a(read.o)
                0x000000000001a404                open_read_close
 .text.safe_write
                0x000000000001a430       0x44 libbb/lib.a(safe_write.o)
                0x000000000001a430                safe_write
 .text.record_signo
                0x000000000001a474       0x10 libbb/lib.a(signals.o)
                0x000000000001a474                record_signo
 .text.sigaction_set
                0x000000000001a484        0x8 libbb/lib.a(signals.o)
                0x000000000001a484                sigaction_set
 .text.sigprocmask_allsigs
                0x000000000001a48c       0x2c libbb/lib.a(signals.o)
                0x000000000001a48c                sigprocmask_allsigs
 .text.bb_signals
                0x000000000001a4b8       0x44 libbb/lib.a(signals.o)
                0x000000000001a4b8                bb_signals
 .text.bb_signals_recursive_norestart
                0x000000000001a4fc       0x60 libbb/lib.a(signals.o)
                0x000000000001a4fc                bb_signals_recursive_norestart
 .text.sig_unblock
                0x000000000001a55c       0x38 libbb/lib.a(signals.o)
                0x000000000001a55c                sig_unblock
 .text.kill_myself_with_sig
                0x000000000001a594       0x28 libbb/lib.a(signals.o)
                0x000000000001a594                kill_myself_with_sig
 .text.signal_SA_RESTART_empty_mask
                0x000000000001a5bc       0x40 libbb/lib.a(signals.o)
                0x000000000001a5bc                signal_SA_RESTART_empty_mask
 .text.signal_no_SA_RESTART_empty_mask
                0x000000000001a5fc       0x38 libbb/lib.a(signals.o)
                0x000000000001a5fc                signal_no_SA_RESTART_empty_mask
 .text.get_mono
                0x000000000001a634       0x28 libbb/lib.a(time.o)
 .text.parse_datestr
                0x000000000001a65c      0x46c libbb/lib.a(time.o)
                0x000000000001a65c                parse_datestr
 .text.validate_tm_time
                0x000000000001aac8       0x28 libbb/lib.a(time.o)
                0x000000000001aac8                validate_tm_time
 .text.strftime_HHMMSS
                0x000000000001aaf0       0x48 libbb/lib.a(time.o)
                0x000000000001aaf0                strftime_HHMMSS
 .text.strftime_YYYYMMDDHHMMSS
                0x000000000001ab38       0x48 libbb/lib.a(time.o)
                0x000000000001ab38                strftime_YYYYMMDDHHMMSS
 .text.monotonic_us
                0x000000000001ab80       0x34 libbb/lib.a(time.o)
                0x000000000001ab80                monotonic_us
 .text.monotonic_ms
                0x000000000001abb4       0x34 libbb/lib.a(time.o)
                0x000000000001abb4                monotonic_ms
 .text.monotonic_sec
                0x000000000001abe8       0x18 libbb/lib.a(time.o)
                0x000000000001abe8                monotonic_sec
 .text.handle_errors.isra.0
                0x000000000001ac00       0x64 libbb/lib.a(bb_strtonum.o)
 .text.bb_strtoull
                0x000000000001ac64       0x78 libbb/lib.a(bb_strtonum.o)
                0x000000000001ac64                bb_strtoull
 .text.bb_strtoll
                0x000000000001acdc       0x84 libbb/lib.a(bb_strtonum.o)
                0x000000000001acdc                bb_strtoll
 .text.bb_strtoul
                0x000000000001ad60       0x74 libbb/lib.a(bb_strtonum.o)
                0x000000000001ad60                bb_strtoul
 .text.bb_strtol
                0x000000000001add4       0x80 libbb/lib.a(bb_strtonum.o)
                0x000000000001add4                bb_strtol
 .text.addgroup_main
                0x000000000001ae54      0x180 loginutils/lib.a(addgroup.o)
                0x000000000001ae54                addgroup_main
 .text.addgroup_wrapper
                0x000000000001afd4       0x7c loginutils/lib.a(adduser.o)
 .text.adduser_main
                0x000000000001b050      0x418 loginutils/lib.a(adduser.o)
                0x000000000001b050                adduser_main
 .text.cryptpw_main
                0x000000000001b468      0x13c loginutils/lib.a(cryptpw.o)
                0x000000000001b468                cryptpw_main
 .text.deluser_main
                0x000000000001b5a4      0x178 loginutils/lib.a(deluser.o)
                0x000000000001b5a4                deluser_main
 .text.sleep10  0x000000000001b71c        0x8 loginutils/lib.a(getty.o)
 .text.bcode    0x000000000001b724       0x20 loginutils/lib.a(getty.o)
 .text.set_tty_attrs
                0x000000000001b744       0x2c loginutils/lib.a(getty.o)
 .text.finalize_tty_attrs
                0x000000000001b770       0x88 loginutils/lib.a(getty.o)
 .text.alarm_handler
                0x000000000001b7f8       0x10 loginutils/lib.a(getty.o)
 .text.getty_main
                0x000000000001b808      0x778 loginutils/lib.a(getty.o)
                0x000000000001b808                getty_main
 .text.alarm_handler
                0x000000000001bf80       0x3c loginutils/lib.a(login.o)
 .text.login_main
                0x000000000001bfbc      0x438 loginutils/lib.a(login.o)
                0x000000000001bfbc                login_main
 .text.passwd_main
                0x000000000001c3f4      0x46c loginutils/lib.a(passwd.o)
                0x000000000001c3f4                passwd_main
 .text.su_main  0x000000000001c860      0x24c loginutils/lib.a(su.o)
                0x000000000001c860                su_main
 .text.sulogin_main
                0x000000000001caac      0x14c loginutils/lib.a(sulogin.o)
                0x000000000001caac                sulogin_main
 .text.acquire_vt
                0x000000000001cbf8       0x10 loginutils/lib.a(vlock.o)
 .text.release_vt
                0x000000000001cc08       0x20 loginutils/lib.a(vlock.o)
 .text.vlock_main
                0x000000000001cc28      0x1c4 loginutils/lib.a(vlock.o)
                0x000000000001cc28                vlock_main
 .text.crondlog
                0x000000000001cdec       0x48 miscutils/lib.a(crond.o)
 .text.log8     0x000000000001ce34       0x2c miscutils/lib.a(crond.o)
 .text.log5     0x000000000001ce60       0x2c miscutils/lib.a(crond.o)
 .text.reopen_logfile_to_stderr
                0x000000000001ce8c       0x34 miscutils/lib.a(crond.o)
 .text.delete_cronfile
                0x000000000001cec0       0xac miscutils/lib.a(crond.o)
 .text.ParseField
                0x000000000001cf6c      0x1f8 miscutils/lib.a(crond.o)
 .text.start_one_job
                0x000000000001d164      0x154 miscutils/lib.a(crond.o)
 .text.log7.constprop.0
                0x000000000001d2b8       0x30 miscutils/lib.a(crond.o)
 .text.load_crontab
                0x000000000001d2e8      0x300 miscutils/lib.a(crond.o)
 .text.rescan_crontab_dir
                0x000000000001d5e8       0xb0 miscutils/lib.a(crond.o)
 .text.crond_main
                0x000000000001d698      0x438 miscutils/lib.a(crond.o)
                0x000000000001d698                crond_main
 .text.edit_file
                0x000000000001dad0       0x9c miscutils/lib.a(crontab.o)
 .text.crontab_main
                0x000000000001db6c      0x2b8 miscutils/lib.a(crontab.o)
                0x000000000001db6c                crontab_main
 .text.pop      0x000000000001de24       0x40 miscutils/lib.a(dc.o)
 .text.push     0x000000000001de64       0x40 miscutils/lib.a(dc.o)
 .text.divide   0x000000000001dea4       0x24 miscutils/lib.a(dc.o)
 .text.mul      0x000000000001dec8       0x24 miscutils/lib.a(dc.o)
 .text.sub      0x000000000001deec       0x24 miscutils/lib.a(dc.o)
 .text.add      0x000000000001df10       0x24 miscutils/lib.a(dc.o)
 .text.eor      0x000000000001df34       0x50 miscutils/lib.a(dc.o)
 .text.not      0x000000000001df84       0x28 miscutils/lib.a(dc.o)
 .text.or       0x000000000001dfac       0x50 miscutils/lib.a(dc.o)
 .text.and      0x000000000001dffc       0x50 miscutils/lib.a(dc.o)
 .text.mod      0x000000000001e04c       0x58 miscutils/lib.a(dc.o)
 .text.stack_machine
                0x000000000001e0a4       0x98 miscutils/lib.a(dc.o)
 .text.set_output_base
                0x000000000001e13c       0x64 miscutils/lib.a(dc.o)
 .text.print_base
                0x000000000001e1a0      0x114 miscutils/lib.a(dc.o)
 .text.print_stack_no_pop
                0x000000000001e2b4       0x40 miscutils/lib.a(dc.o)
 .text.print_no_pop
                0x000000000001e2f4       0x38 miscutils/lib.a(dc.o)
 .text.dc_main  0x000000000001e32c       0x78 miscutils/lib.a(dc.o)
                0x000000000001e32c                dc_main
 .text.devmem_main
                0x000000000001e3a4      0x220 miscutils/lib.a(devmem.o)
                0x000000000001e3a4                devmem_main
 .text.parse_opts
                0x000000000001e5c4       0x34 miscutils/lib.a(hdparm.o)
 .text.parse_opts_0_1
                0x000000000001e5f8        0xc miscutils/lib.a(hdparm.o)
 .text.parse_opts_0_INTMAX
                0x000000000001e604        0xc miscutils/lib.a(hdparm.o)
 .text.translate_xfermode
                0x000000000001e610       0x88 miscutils/lib.a(hdparm.o)
 .text.read_big_block
                0x000000000001e698       0x38 miscutils/lib.a(hdparm.o)
 .text.xprint_ascii
                0x000000000001e6d0       0x98 miscutils/lib.a(hdparm.o)
 .text.mode_loop
                0x000000000001e768       0x8c miscutils/lib.a(hdparm.o)
 .text.print_flag
                0x000000000001e7f4       0x14 miscutils/lib.a(hdparm.o)
 .text.print_flag_on_off
                0x000000000001e808       0x3c miscutils/lib.a(hdparm.o)
 .text.identify_from_stdin
                0x000000000001e844       0x90 miscutils/lib.a(hdparm.o)
 .text.dump_identity
                0x000000000001e8d4      0x4b0 miscutils/lib.a(hdparm.o)
 .text.seek_to_zero
                0x000000000001ed84       0x24 miscutils/lib.a(hdparm.o)
 .text.flush_buffer_cache
                0x000000000001eda8       0x6c miscutils/lib.a(hdparm.o)
 .text.do_time  0x000000000001ee14      0x1d0 miscutils/lib.a(hdparm.o)
 .text.ioctl_alt_func.constprop.1
                0x000000000001efe4       0x44 miscutils/lib.a(hdparm.o)
 .text.print_value_on_off
                0x000000000001f028       0x3c miscutils/lib.a(hdparm.o)
 .text.process_dev
                0x000000000001f064      0xbd4 miscutils/lib.a(hdparm.o)
 .text.hdparm_main
                0x000000000001fc38      0x3fc miscutils/lib.a(hdparm.o)
                0x000000000001fc38                hdparm_main
 .text.i2c_bus_lookup
                0x0000000000020034       0x14 miscutils/lib.a(i2c_tools.o)
 .text.i2c_dev_open
                0x0000000000020048       0x6c miscutils/lib.a(i2c_tools.o)
 .text.check_funcs_test_end
                0x00000000000200b4       0x3c miscutils/lib.a(i2c_tools.o)
 .text.check_read_funcs
                0x00000000000200f0       0xf4 miscutils/lib.a(i2c_tools.o)
 .text.i2c_set_slave_addr
                0x00000000000201e4       0x34 miscutils/lib.a(i2c_tools.o)
 .text.confirm_or_abort
                0x0000000000020218       0x38 miscutils/lib.a(i2c_tools.o)
 .text.confirm_action
                0x0000000000020250       0x8c miscutils/lib.a(i2c_tools.o)
 .text.i2c_smbus_access
                0x00000000000202dc       0x2c miscutils/lib.a(i2c_tools.o)
 .text.i2c_smbus_read_byte
                0x0000000000020308       0x30 miscutils/lib.a(i2c_tools.o)
 .text.i2c_smbus_read_word_data
                0x0000000000020338       0x30 miscutils/lib.a(i2c_tools.o)
 .text.i2c_smbus_read_byte_data
                0x0000000000020368       0x30 miscutils/lib.a(i2c_tools.o)
 .text.list_i2c_busses_and_exit
                0x0000000000020398      0x238 miscutils/lib.a(i2c_tools.o)
 .text.i2cget_main
                0x00000000000205d0      0x210 miscutils/lib.a(i2c_tools.o)
                0x00000000000205d0                i2cget_main
 .text.i2cset_main
                0x00000000000207e0      0x5f8 miscutils/lib.a(i2c_tools.o)
                0x00000000000207e0                i2cset_main
 .text.i2cdump_main
                0x0000000000020dd8      0x704 miscutils/lib.a(i2c_tools.o)
                0x0000000000020dd8                i2cdump_main
 .text.i2cdetect_main
                0x00000000000214dc      0x350 miscutils/lib.a(i2c_tools.o)
                0x00000000000214dc                i2cdetect_main
 .text.at_end   0x000000000002182c       0x7c miscutils/lib.a(less.o)
 .text.safe_lineno
                0x00000000000218a8       0x34 miscutils/lib.a(less.o)
 .text.opp_bracket
                0x00000000000218dc       0x60 miscutils/lib.a(less.o)
 .text.set_tty_cooked
                0x000000000002193c       0x28 miscutils/lib.a(less.o)
 .text.clear_line
                0x0000000000021964       0x20 miscutils/lib.a(less.o)
 .text.less_exit
                0x0000000000021984       0x48 miscutils/lib.a(less.o)
 .text.sig_catcher
                0x00000000000219cc        0xc miscutils/lib.a(less.o)
 .text.print_statusline
                0x00000000000219d8       0x34 miscutils/lib.a(less.o)
 .text.fill_match_lines
                0x0000000000021a0c       0xb0 miscutils/lib.a(less.o)
 .text.read_lines
                0x0000000000021abc      0x37c miscutils/lib.a(less.o)
 .text.goto_lineno
                0x0000000000021e38       0xa8 miscutils/lib.a(less.o)
 .text.cap_cur_fline
                0x0000000000021ee0       0xa0 miscutils/lib.a(less.o)
 .text.update_num_lines
                0x0000000000021f80      0x104 miscutils/lib.a(less.o)
 .text.m_status_print
                0x0000000000022084      0x144 miscutils/lib.a(less.o)
 .text.status_print
                0x00000000000221c8       0xa0 miscutils/lib.a(less.o)
 .text.buffer_print
                0x0000000000022268      0x364 miscutils/lib.a(less.o)
 .text.buffer_fill_and_print
                0x00000000000225cc       0xe8 miscutils/lib.a(less.o)
 .text.reinitialize
                0x00000000000226b4       0xc8 miscutils/lib.a(less.o)
 .text.change_file
                0x000000000002277c       0x88 miscutils/lib.a(less.o)
 .text.buffer_down
                0x0000000000022804       0x60 miscutils/lib.a(less.o)
 .text.buffer_up
                0x0000000000022864       0x64 miscutils/lib.a(less.o)
 .text.buffer_to_line
                0x00000000000228c8       0x40 miscutils/lib.a(less.o)
 .text.goto_match
                0x0000000000022908       0x80 miscutils/lib.a(less.o)
 .text.getch_nowait
                0x0000000000022988      0x10c miscutils/lib.a(less.o)
 .text.less_getch
                0x0000000000022a94       0x50 miscutils/lib.a(less.o)
 .text.less_gets
                0x0000000000022ae4       0xd4 miscutils/lib.a(less.o)
 .text.examine_file
                0x0000000000022bb8       0x8c miscutils/lib.a(less.o)
 .text.regex_process
                0x0000000000022c44      0x12c miscutils/lib.a(less.o)
 .text.less_main
                0x0000000000022d70      0x96c miscutils/lib.a(less.o)
                0x0000000000022d70                less_main
 .text.get_line
                0x00000000000236dc       0x54 miscutils/lib.a(lsscsi.o)
 .text.lsscsi_main
                0x0000000000023730      0x18c miscutils/lib.a(lsscsi.o)
                0x0000000000023730                lsscsi_main
 .text.makedevs_main
                0x00000000000238bc      0x458 miscutils/lib.a(makedevs.o)
                0x00000000000238bc                makedevs_main
 .text.microcom_main
                0x0000000000023d14      0x350 miscutils/lib.a(microcom.o)
                0x0000000000023d14                microcom_main
 .text.mt_main  0x0000000000024064      0x130 miscutils/lib.a(mt.o)
                0x0000000000024064                mt_main
 .text.partprobe_main
                0x0000000000024194       0x74 miscutils/lib.a(partprobe.o)
                0x0000000000024194                partprobe_main
 .text.runlevel_main
                0x0000000000024208       0x7c miscutils/lib.a(runlevel.o)
                0x0000000000024208                runlevel_main
 .text.index_in_strings_case_insensitive
                0x0000000000024284       0x54 miscutils/lib.a(setserial.o)
 .text.get_numeric
                0x00000000000242d8        0xc miscutils/lib.a(setserial.o)
 .text.serial_ctl
                0x00000000000242e4       0xb0 miscutils/lib.a(setserial.o)
 .text.setserial_main
                0x0000000000024394      0x5ec miscutils/lib.a(setserial.o)
                0x0000000000024394                setserial_main
 .text.strings_main
                0x0000000000024980      0x1f4 miscutils/lib.a(strings.o)
                0x0000000000024980                strings_main
 .text.ptok     0x0000000000024b74       0x20 miscutils/lib.a(time.o)
 .text.run_command
                0x0000000000024b94       0xe8 miscutils/lib.a(time.o)
 .text.time_main
                0x0000000000024c7c      0x55c miscutils/lib.a(time.o)
                0x0000000000024c7c                time_main
 .text.ubirename_main
                0x00000000000251d8       0xfc miscutils/lib.a(ubirename.o)
                0x00000000000251d8                ubirename_main
 .text.watchdog_shutdown
                0x00000000000252d4       0x20 miscutils/lib.a(watchdog.o)
 .text.watchdog_main
                0x00000000000252f4      0x134 miscutils/lib.a(watchdog.o)
                0x00000000000252f4                watchdog_main
 .text.insmod_main
                0x0000000000025428       0x54 modutils/lib.a(insmod.o)
                0x0000000000025428                insmod_main
 .text.lsmod_main
                0x000000000002547c      0x10c modutils/lib.a(lsmod.o)
                0x000000000002547c                lsmod_main
 .text.read_config
                0x0000000000025588       0x28 modutils/lib.a(modprobe.o)
 .text.gather_options_str
                0x00000000000255b0       0x64 modutils/lib.a(modprobe.o)
 .text.load_modules_dep
                0x0000000000025614      0x12c modutils/lib.a(modprobe.o)
 .text.get_or_add_modentry
                0x0000000000025740       0x18 modutils/lib.a(modprobe.o)
 .text.add_probe
                0x0000000000025758       0x80 modutils/lib.a(modprobe.o)
 .text.config_file_action
                0x00000000000257d8      0x1ec modutils/lib.a(modprobe.o)
 .text.do_modprobe
                0x00000000000259c4      0x314 modutils/lib.a(modprobe.o)
 .text.modprobe_main
                0x0000000000025cd8      0x38c modutils/lib.a(modprobe.o)
                0x0000000000025cd8                modprobe_main
 .text.replace  0x0000000000026064       0x20 modutils/lib.a(modutils.o)
                0x0000000000026064                replace
 .text.string_to_llist
                0x0000000000026084       0x64 modutils/lib.a(modutils.o)
                0x0000000000026084                string_to_llist
 .text.filename2modname
                0x00000000000260e8       0x74 modutils/lib.a(modutils.o)
                0x00000000000260e8                filename2modname
 .text.helper_get_module
                0x000000000002615c       0xa0 modutils/lib.a(modutils.o)
 .text.moddb_get
                0x00000000000261fc        0x8 modutils/lib.a(modutils.o)
                0x00000000000261fc                moddb_get
 .text.moddb_get_or_create
                0x0000000000026204        0x8 modutils/lib.a(modutils.o)
                0x0000000000026204                moddb_get_or_create
 .text.parse_cmdline_module_options
                0x000000000002620c       0xc4 modutils/lib.a(modutils.o)
                0x000000000002620c                parse_cmdline_module_options
 .text.bb_init_module
                0x00000000000262d0       0xcc modutils/lib.a(modutils.o)
                0x00000000000262d0                bb_init_module
 .text.bb_delete_module
                0x000000000002639c       0x30 modutils/lib.a(modutils.o)
                0x000000000002639c                bb_delete_module
 .text.moderror
                0x00000000000263cc       0x74 modutils/lib.a(modutils.o)
                0x00000000000263cc                moderror
 .text.rmmod_main
                0x0000000000026440       0xc8 modutils/lib.a(rmmod.o)
                0x0000000000026440                rmmod_main
 .text.arp_show
                0x0000000000026508      0x2dc networking/lib.a(arp.o)
 .text.arp_main
                0x00000000000267e4      0x5ec networking/lib.a(arp.o)
                0x00000000000267e4                arp_main
 .text.finish   0x0000000000026dd0       0x94 networking/lib.a(arping.o)
 .text.catcher  0x0000000000026e64      0x18c networking/lib.a(arping.o)
 .text.arping_main
                0x0000000000026ff0      0x760 networking/lib.a(arping.o)
                0x0000000000026ff0                arping_main
 .text.undot    0x0000000000027750       0x3c networking/lib.a(dnsd.o)
 .text.dnsd_main
                0x000000000002778c      0x59c networking/lib.a(dnsd.o)
                0x000000000002778c                dnsd_main
 .text.ether_wake_main
                0x0000000000027d28      0x2bc networking/lib.a(ether-wake.o)
                0x0000000000027d28                ether_wake_main
 .text.do_sethostname
                0x0000000000027fe4       0x8c networking/lib.a(hostname.o)
 .text.hostname_main
                0x0000000000028070      0x168 networking/lib.a(hostname.o)
                0x0000000000028070                hostname_main
 .text.ifconfig_main
                0x00000000000281d8      0x48c networking/lib.a(ifconfig.o)
                0x00000000000281d8                ifconfig_main
 .text.link_up_down
                0x0000000000028664        0x8 networking/lib.a(ifupdown.o)
 .text.check    0x000000000002866c        0xc networking/lib.a(ifupdown.o)
 .text.doit     0x0000000000028678       0xb0 networking/lib.a(ifupdown.o)
 .text.execute_all
                0x0000000000028728       0x6c networking/lib.a(ifupdown.o)
 .text.setlocalenv
                0x0000000000028794       0x80 networking/lib.a(ifupdown.o)
 .text.set_environ
                0x0000000000028814      0x180 networking/lib.a(ifupdown.o)
 .text.iface_down
                0x0000000000028994       0xb0 networking/lib.a(ifupdown.o)
 .text.iface_up
                0x0000000000028a44       0xb0 networking/lib.a(ifupdown.o)
 .text.next_word
                0x0000000000028af4       0x5c networking/lib.a(ifupdown.o)
 .text.find_iface_state
                0x0000000000028b50       0x44 networking/lib.a(ifupdown.o)
 .text.strncmpz
                0x0000000000028b94       0x20 networking/lib.a(ifupdown.o)
 .text.get_var  0x0000000000028bb4       0x94 networking/lib.a(ifupdown.o)
 .text.addstr   0x0000000000028c48       0x58 networking/lib.a(ifupdown.o)
 .text.execute  0x0000000000028ca0      0x2b8 networking/lib.a(ifupdown.o)
 .text.loopback_up6
                0x0000000000028f58       0x48 networking/lib.a(ifupdown.o)
 .text.static_down6
                0x0000000000028fa0       0x14 networking/lib.a(ifupdown.o)
 .text.loopback_down6
                0x0000000000028fb4        0x4 networking/lib.a(ifupdown.o)
 .text.static_up6
                0x0000000000028fb8       0x60 networking/lib.a(ifupdown.o)
 .text.v4tunnel_down
                0x0000000000029018       0x14 networking/lib.a(ifupdown.o)
 .text.v4tunnel_up
                0x000000000002902c       0x78 networking/lib.a(ifupdown.o)
 .text.loopback_down
                0x00000000000290a4       0x48 networking/lib.a(ifupdown.o)
 .text.loopback_up
                0x00000000000290ec       0x48 networking/lib.a(ifupdown.o)
 .text.dhcp_up  0x0000000000029134       0x40 networking/lib.a(ifupdown.o)
 .text.bootp_up
                0x0000000000029174       0x14 networking/lib.a(ifupdown.o)
 .text.static_down
                0x0000000000029188       0x48 networking/lib.a(ifupdown.o)
 .text.static_up
                0x00000000000291d0       0x60 networking/lib.a(ifupdown.o)
 .text.ppp_down
                0x0000000000029230       0x14 networking/lib.a(ifupdown.o)
 .text.ppp_up   0x0000000000029244       0x14 networking/lib.a(ifupdown.o)
 .text.wvdial_down
                0x0000000000029258       0x14 networking/lib.a(ifupdown.o)
 .text.wvdial_up
                0x000000000002926c       0x14 networking/lib.a(ifupdown.o)
 .text.dhcp_down
                0x0000000000029280       0x4c networking/lib.a(ifupdown.o)
 .text.popen2   0x00000000000292cc       0xb8 networking/lib.a(ifupdown.o)
 .text.read_iface_state
                0x0000000000029384       0x6c networking/lib.a(ifupdown.o)
 .text.read_interfaces
                0x00000000000293f0      0x52c networking/lib.a(ifupdown.o)
 .text.manual_up_down6
                0x000000000002991c        0x8 networking/lib.a(ifupdown.o)
 .text.manual_up_down
                0x0000000000029924        0x8 networking/lib.a(ifupdown.o)
 .text.ifupdown_main
                0x000000000002992c      0x584 networking/lib.a(ifupdown.o)
                0x000000000002992c                ifupdown_main
 .text.remove_fd_from_set
                0x0000000000029eb0       0x44 networking/lib.a(inetd.o)
 .text.init_ring
                0x0000000000029ef4       0x34 networking/lib.a(inetd.o)
 .text.discard_dg
                0x0000000000029f28       0x14 networking/lib.a(inetd.o)
 .text.maybe_close
                0x0000000000029f3c        0xc networking/lib.a(inetd.o)
 .text.free_servtab_strings
                0x0000000000029f48       0x5c networking/lib.a(inetd.o)
 .text.bump_nofile
                0x0000000000029fa4       0xb8 networking/lib.a(inetd.o)
 .text.add_fd_to_set
                0x000000000002a05c       0x70 networking/lib.a(inetd.o)
 .text.clean_up_and_exit
                0x000000000002a0cc       0x48 networking/lib.a(inetd.o)
 .text.reap_child
                0x000000000002a114       0xb8 networking/lib.a(inetd.o)
 .text.daytime_dg
                0x000000000002a1cc       0xac networking/lib.a(inetd.o)
 .text.daytime_stream
                0x000000000002a278       0x34 networking/lib.a(inetd.o)
 .text.machtime_dg
                0x000000000002a2ac       0x9c networking/lib.a(inetd.o)
 .text.chargen_dg
                0x000000000002a348      0x108 networking/lib.a(inetd.o)
 .text.chargen_stream
                0x000000000002a450       0xa4 networking/lib.a(inetd.o)
 .text.discard_stream
                0x000000000002a4f4       0x2c networking/lib.a(inetd.o)
 .text.echo_stream
                0x000000000002a520       0x38 networking/lib.a(inetd.o)
 .text.echo_dg  0x000000000002a558       0x8c networking/lib.a(inetd.o)
 .text.xzalloc_lsa
                0x000000000002a5e4       0x34 networking/lib.a(inetd.o)
 .text.block_CHLD_HUP_ALRM
                0x000000000002a618       0x44 networking/lib.a(inetd.o)
 .text.restore_sigmask
                0x000000000002a65c       0x10 networking/lib.a(inetd.o)
 .text.rearm_alarm
                0x000000000002a66c       0x30 networking/lib.a(inetd.o)
 .text.prepare_socket_fd
                0x000000000002a69c       0xbc networking/lib.a(inetd.o)
 .text.retry_network_setup
                0x000000000002a758       0x60 networking/lib.a(inetd.o)
 .text.machtime_stream
                0x000000000002a7b8       0x44 networking/lib.a(inetd.o)
 .text.parse_one_line
                0x000000000002a7fc      0x4a4 networking/lib.a(inetd.o)
 .text.reread_config_file
                0x000000000002aca0      0x3fc networking/lib.a(inetd.o)
 .text.inetd_main
                0x000000000002b09c      0x93c networking/lib.a(inetd.o)
                0x000000000002b09c                inetd_main
 .text.UNSPEC_print
                0x000000000002b9d8       0x54 networking/lib.a(interface.o)
 .text.UNSPEC_sprint
                0x000000000002ba2c       0x2c networking/lib.a(interface.o)
 .text.INET6_input
                0x000000000002ba58        0x4 networking/lib.a(interface.o)
 .text.INET6_sprint
                0x000000000002ba5c       0x34 networking/lib.a(interface.o)
 .text.INET_input
                0x000000000002ba90        0x8 networking/lib.a(interface.o)
 .text.INET_sprint
                0x000000000002ba98       0x38 networking/lib.a(interface.o)
 .text.ether_print
                0x000000000002bad0       0x40 networking/lib.a(interface.o)
 .text.in_ib    0x000000000002bb10       0x28 networking/lib.a(interface.o)
                0x000000000002bb10                in_ib
 .text.add_interface
                0x000000000002bb38       0x90 networking/lib.a(interface.o)
 .text.if_readconf
                0x000000000002bbc8       0xd0 networking/lib.a(interface.o)
 .text.if_readlist_proc
                0x000000000002bc98      0x278 networking/lib.a(interface.o)
 .text.do_if_fetch
                0x000000000002bf10      0x2a0 networking/lib.a(interface.o)
 .text.print_bytes_scaled
                0x000000000002c1b0       0x88 networking/lib.a(interface.o)
 .text.get_aftype
                0x000000000002c238       0x38 networking/lib.a(interface.o)
                0x000000000002c238                get_aftype
 .text.get_hwtype
                0x000000000002c270       0x38 networking/lib.a(interface.o)
                0x000000000002c270                get_hwtype
 .text.get_hwntype
                0x000000000002c2a8       0x28 networking/lib.a(interface.o)
                0x000000000002c2a8                get_hwntype
 .text.ife_print
                0x000000000002c2d0      0x5c0 networking/lib.a(interface.o)
 .text.display_interfaces
                0x000000000002c890       0xdc networking/lib.a(interface.o)
                0x000000000002c890                display_interfaces
 .text.ip_do    0x000000000002c96c       0x1c networking/lib.a(ip.o)
 .text.ip_print_help
                0x000000000002c988        0x8 networking/lib.a(ip.o)
 .text.ipaddr_main
                0x000000000002c990        0xc networking/lib.a(ip.o)
                0x000000000002c990                ipaddr_main
 .text.iplink_main
                0x000000000002c99c        0xc networking/lib.a(ip.o)
                0x000000000002c99c                iplink_main
 .text.iproute_main
                0x000000000002c9a8        0xc networking/lib.a(ip.o)
                0x000000000002c9a8                iproute_main
 .text.iprule_main
                0x000000000002c9b4        0xc networking/lib.a(ip.o)
                0x000000000002c9b4                iprule_main
 .text.iptunnel_main
                0x000000000002c9c0        0xc networking/lib.a(ip.o)
                0x000000000002c9c0                iptunnel_main
 .text.ipneigh_main
                0x000000000002c9cc        0xc networking/lib.a(ip.o)
                0x000000000002c9cc                ipneigh_main
 .text.ip_main  0x000000000002c9d8       0x4c networking/lib.a(ip.o)
                0x000000000002c9d8                ip_main
 .text.prepend_new_eth_table
                0x000000000002ca24       0xb8 networking/lib.a(nameif.o)
 .text.nameif_main
                0x000000000002cadc      0x250 networking/lib.a(nameif.o)
                0x000000000002cadc                nameif_main
 .text.unix_do_one
                0x000000000002cd2c      0x244 networking/lib.a(netstat.o)
 .text.build_ipv6_addr
                0x000000000002cf70       0x64 networking/lib.a(netstat.o)
 .text.ip_port_str
                0x000000000002cfd4       0x88 networking/lib.a(netstat.o)
 .text.print_inet_line
                0x000000000002d05c       0xc0 networking/lib.a(netstat.o)
 .text.do_info  0x000000000002d11c       0x80 networking/lib.a(netstat.o)
 .text.scan_inet_proc_line
                0x000000000002d19c       0xd0 networking/lib.a(netstat.o)
 .text.raw_do_one
                0x000000000002d26c       0x98 networking/lib.a(netstat.o)
 .text.udp_do_one
                0x000000000002d304       0xc8 networking/lib.a(netstat.o)
 .text.tcp_do_one
                0x000000000002d3cc       0x64 networking/lib.a(netstat.o)
 .text.netstat_main
                0x000000000002d430      0x200 networking/lib.a(netstat.o)
                0x000000000002d430                netstat_main
 .text.set_default_dns
                0x000000000002d630       0x64 networking/lib.a(nslookup.o)
 .text.print_host
                0x000000000002d694       0xe8 networking/lib.a(nslookup.o)
 .text.nslookup_main
                0x000000000002d77c       0x8c networking/lib.a(nslookup.o)
                0x000000000002d77c                nslookup_main
 .text.print_stats_and_exit
                0x000000000002d808       0xf8 networking/lib.a(ping.o)
 .text.sendping4
                0x000000000002d900      0x16c networking/lib.a(ping.o)
 .text.ping_main
                0x000000000002da6c      0x54c networking/lib.a(ping.o)
                0x000000000002da6c                ping_main
 .text.set_flags
                0x000000000002dfb8       0x40 networking/lib.a(route.o)
 .text.kw_lookup
                0x000000000002dff8       0x80 networking/lib.a(route.o)
 .text.INET6_displayroutes
                0x000000000002e078      0x1f4 networking/lib.a(route.o)
 .text.INET6_setroute
                0x000000000002e26c      0x260 networking/lib.a(route.o)
 .text.INET_setroute
                0x000000000002e4cc      0x39c networking/lib.a(route.o)
 .text.bb_displayroutes
                0x000000000002e868      0x1e4 networking/lib.a(route.o)
                0x000000000002e868                bb_displayroutes
 .text.route_main
                0x000000000002ea4c      0x154 networking/lib.a(route.o)
                0x000000000002ea4c                route_main
 .text.put_iac  0x000000000002eba0       0x1c networking/lib.a(telnet.o)
 .text.iac_flush
                0x000000000002ebbc       0x34 networking/lib.a(telnet.o)
 .text.put_iac2_merged
                0x000000000002ebf0       0x3c networking/lib.a(telnet.o)
 .text.rawmode  0x000000000002ec2c       0x24 networking/lib.a(telnet.o)
 .text.cookmode
                0x000000000002ec50       0x24 networking/lib.a(telnet.o)
 .text.setConMode
                0x000000000002ec74       0x78 networking/lib.a(telnet.o)
 .text.con_escape
                0x000000000002ecec      0x13c networking/lib.a(telnet.o)
 .text.handle_net_output
                0x000000000002ee28       0x94 networking/lib.a(telnet.o)
 .text.telnet_main
                0x000000000002eebc      0x614 networking/lib.a(telnet.o)
                0x000000000002eebc                telnet_main
 .text.tftp_blksize_check
                0x000000000002f4d0       0x54 networking/lib.a(tftp.o)
 .text.tftp_main
                0x000000000002f524      0x728 networking/lib.a(tftp.o)
                0x000000000002f524                tftp_main
 .text.traceroute_main
                0x000000000002fc4c      0x910 networking/lib.a(traceroute.o)
                0x000000000002fc4c                traceroute_main
 .text.xfind_str
                0x000000000003055c       0x40 networking/lib.a(vconfig.o)
 .text.vconfig_main
                0x000000000003059c      0x124 networking/lib.a(vconfig.o)
                0x000000000003059c                vconfig_main
 .text.sanitize_string
                0x00000000000306c0       0x24 networking/lib.a(wget.o)
 .text.alarm_handler
                0x00000000000306e4       0x2c networking/lib.a(wget.o)
 .text.set_alarm
                0x0000000000030710       0x2c networking/lib.a(wget.o)
 .text.open_socket
                0x000000000003073c       0x48 networking/lib.a(wget.o)
 .text.base64enc
                0x0000000000030784       0x44 networking/lib.a(wget.o)
 .text.fgets_and_trim
                0x00000000000307c8       0xac networking/lib.a(wget.o)
 .text.reset_beg_range_to_zero
                0x0000000000030874       0x40 networking/lib.a(wget.o)
 .text.parse_url
                0x00000000000308b4      0x1d4 networking/lib.a(wget.o)
 .text.gethdr   0x0000000000030a88       0xd4 networking/lib.a(wget.o)
 .text.progress_meter
                0x0000000000030b5c       0xb4 networking/lib.a(wget.o)
 .text.retrieve_file_data
                0x0000000000030c10      0x23c networking/lib.a(wget.o)
 .text.ftpcmd   0x0000000000030e4c       0xcc networking/lib.a(wget.o)
 .text.wget_main
                0x0000000000030f18      0xbf0 networking/lib.a(wget.o)
                0x0000000000030f18                wget_main
 .text.ip_parse_common_args
                0x0000000000031b08      0x104 networking/libiproute/lib.a(ip_parse_common_args.o)
                0x0000000000031b08                ip_parse_common_args
 .text.store_nlmsg
                0x0000000000031c0c       0x5c networking/libiproute/lib.a(ipaddress.o)
 .text.flush_update
                0x0000000000031c68       0x50 networking/libiproute/lib.a(ipaddress.o)
 .text.print_addrinfo
                0x0000000000031cb8      0x520 networking/libiproute/lib.a(ipaddress.o)
 .text.print_linkinfo
                0x00000000000321d8      0x3b0 networking/libiproute/lib.a(ipaddress.o)
 .text.ipaddr_modify
                0x0000000000032588      0x4a0 networking/libiproute/lib.a(ipaddress.o)
 .text.ipaddr_list_or_flush
                0x0000000000032a28      0x584 networking/libiproute/lib.a(ipaddress.o)
                0x0000000000032a28                ipaddr_list_or_flush
 .text.do_ipaddr
                0x0000000000032fac       0xa8 networking/libiproute/lib.a(ipaddress.o)
                0x0000000000032fac                do_ipaddr
 .text.get_ctl_fd
                0x0000000000033054       0x48 networking/libiproute/lib.a(iplink.o)
 .text.do_add_or_delete
                0x000000000003309c      0x500 networking/libiproute/lib.a(iplink.o)
 .text.do_iplink
                0x000000000003359c      0x564 networking/libiproute/lib.a(iplink.o)
                0x000000000003359c                do_iplink
 .text.flush_update
                0x0000000000033b00       0x50 networking/libiproute/lib.a(ipneigh.o)
 .text.ipneigh_list_or_flush
                0x0000000000033b50      0x388 networking/libiproute/lib.a(ipneigh.o)
 .text.print_neigh
                0x0000000000033ed8      0x404 networking/libiproute/lib.a(ipneigh.o)
 .text.do_ipneigh
                0x00000000000342dc       0x54 networking/libiproute/lib.a(ipneigh.o)
                0x00000000000342dc                do_ipneigh
 .text.iproute_reset_filter
                0x0000000000034330       0x34 networking/libiproute/lib.a(iproute.o)
 .text.flush_update
                0x0000000000034364       0x50 networking/libiproute/lib.a(iproute.o)
 .text.print_route
                0x00000000000343b4      0x780 networking/libiproute/lib.a(iproute.o)
 .text.iproute_get
                0x0000000000034b34      0x37c networking/libiproute/lib.a(iproute.o)
 .text.iproute_list_or_flush
                0x0000000000034eb0      0x610 networking/libiproute/lib.a(iproute.o)
 .text.iproute_modify
                0x00000000000354c0      0x510 networking/libiproute/lib.a(iproute.o)
 .text.do_iproute
                0x00000000000359d0       0xf8 networking/libiproute/lib.a(iproute.o)
                0x00000000000359d0                do_iproute
 .text.iprule_modify
                0x0000000000035ac8      0x3f4 networking/libiproute/lib.a(iprule.o)
 .text.print_rule
                0x0000000000035ebc      0x304 networking/libiproute/lib.a(iprule.o)
 .text.do_iprule
                0x00000000000361c0       0xcc networking/libiproute/lib.a(iprule.o)
                0x00000000000361c0                do_iprule
 .text.do_get_ioctl
                0x000000000003628c       0x5c networking/libiproute/lib.a(iptunnel.o)
 .text.do_add_ioctl
                0x00000000000362e8       0x88 networking/libiproute/lib.a(iptunnel.o)
 .text.do_del_ioctl
                0x0000000000036370       0x60 networking/libiproute/lib.a(iptunnel.o)
 .text.do_add   0x00000000000363d0       0x9c networking/libiproute/lib.a(iptunnel.o)
 .text.print_tunnel
                0x000000000003646c      0x2cc networking/libiproute/lib.a(iptunnel.o)
 .text.do_tunnels_list
                0x0000000000036738      0x298 networking/libiproute/lib.a(iptunnel.o)
 .text.do_iptunnel
                0x00000000000369d0      0x16c networking/libiproute/lib.a(iptunnel.o)
                0x00000000000369d0                do_iptunnel
 .text.xrtnl_open
                0x0000000000036b3c       0x78 networking/libiproute/lib.a(libnetlink.o)
                0x0000000000036b3c                xrtnl_open
 .text.rtnl_send
                0x0000000000036bb4       0x34 networking/libiproute/lib.a(libnetlink.o)
                0x0000000000036bb4                rtnl_send
 .text.xrtnl_wilddump_request
                0x0000000000036be8       0x4c networking/libiproute/lib.a(libnetlink.o)
                0x0000000000036be8                xrtnl_wilddump_request
 .text.rtnl_dump_request
                0x0000000000036c34       0x94 networking/libiproute/lib.a(libnetlink.o)
                0x0000000000036c34                rtnl_dump_request
 .text.xrtnl_dump_filter
                0x0000000000036cc8      0x1fc networking/libiproute/lib.a(libnetlink.o)
                0x0000000000036cc8                xrtnl_dump_filter
 .text.rtnl_talk
                0x0000000000036ec4      0x28c networking/libiproute/lib.a(libnetlink.o)
                0x0000000000036ec4                rtnl_talk
 .text.addattr32
                0x0000000000037150       0x54 networking/libiproute/lib.a(libnetlink.o)
                0x0000000000037150                addattr32
 .text.addattr_l
                0x00000000000371a4       0x6c networking/libiproute/lib.a(libnetlink.o)
                0x00000000000371a4                addattr_l
 .text.rta_addattr32
                0x0000000000037210       0x54 networking/libiproute/lib.a(libnetlink.o)
                0x0000000000037210                rta_addattr32
 .text.parse_rtattr
                0x0000000000037264       0x9c networking/libiproute/lib.a(libnetlink.o)
                0x0000000000037264                parse_rtattr
 .text.ll_addr_n2a
                0x0000000000037300       0xcc networking/libiproute/lib.a(ll_addr.o)
                0x0000000000037300                ll_addr_n2a
 .text.ll_addr_a2n
                0x00000000000373cc       0xdc networking/libiproute/lib.a(ll_addr.o)
                0x00000000000373cc                ll_addr_a2n
 .text.find_by_index
                0x00000000000374a8       0x44 networking/libiproute/lib.a(ll_map.o)
 .text.ll_remember_index
                0x00000000000374ec      0x134 networking/libiproute/lib.a(ll_map.o)
                0x00000000000374ec                ll_remember_index
 .text.ll_index_to_name
                0x0000000000037620       0x44 networking/libiproute/lib.a(ll_map.o)
                0x0000000000037620                ll_index_to_name
 .text.ll_index_to_flags
                0x0000000000037664       0x24 networking/libiproute/lib.a(ll_map.o)
                0x0000000000037664                ll_index_to_flags
 .text.xll_name_to_index
                0x0000000000037688       0x24 networking/libiproute/lib.a(ll_map.o)
                0x0000000000037688                xll_name_to_index
 .text.ll_init_map
                0x00000000000376ac       0x30 networking/libiproute/lib.a(ll_map.o)
                0x00000000000376ac                ll_init_map
 .text.ll_type_n2a
                0x00000000000376dc       0x68 networking/libiproute/lib.a(ll_types.o)
                0x00000000000376dc                ll_type_n2a
 .text.rtnl_tab_initialize
                0x0000000000037744       0xb4 networking/libiproute/lib.a(rt_names.o)
 .text.rtnl_rtscope_initialize
                0x00000000000377f8       0x74 networking/libiproute/lib.a(rt_names.o)
 .text.rtnl_rtrealm_initialize
                0x000000000003786c       0x44 networking/libiproute/lib.a(rt_names.o)
 .text.rtnl_rtdsfield_initialize
                0x00000000000378b0       0x44 networking/libiproute/lib.a(rt_names.o)
 .text.rtnl_rttable_initialize
                0x00000000000378f4       0x68 networking/libiproute/lib.a(rt_names.o)
 .text.rtnl_a2n
                0x000000000003795c       0xa4 networking/libiproute/lib.a(rt_names.o)
 .text.rtnl_rtprot_a2n
                0x0000000000037a00       0x90 networking/libiproute/lib.a(rt_names.o)
                0x0000000000037a00                rtnl_rtprot_a2n
 .text.rtnl_rtscope_n2a
                0x0000000000037a90       0x40 networking/libiproute/lib.a(rt_names.o)
                0x0000000000037a90                rtnl_rtscope_n2a
 .text.rtnl_rtscope_a2n
                0x0000000000037ad0       0x30 networking/libiproute/lib.a(rt_names.o)
                0x0000000000037ad0                rtnl_rtscope_a2n
 .text.rtnl_rtrealm_a2n